Archive member included to satisfy reference by file (symbol)

d:/tool/stm32cubeide_1.7.0/stm32/stm32cubeide_1.7.0/stm32cubeide/plugins/com.st.stm32cube.ide.mcu.externaltools.gnu-tools-for-stm32.9-2020-q2-update.win32_2.0.0.202105311346/tools/bin/../lib/gcc/arm-none-eabi/9.3.1/../../../../arm-none-eabi/lib/thumb/v7-m/nofp\libc_nano.a(lib_a-errno.o)
                              ./Core/Src/syscalls.o (__errno)
d:/tool/stm32cubeide_1.7.0/stm32/stm32cubeide_1.7.0/stm32cubeide/plugins/com.st.stm32cube.ide.mcu.externaltools.gnu-tools-for-stm32.9-2020-q2-update.win32_2.0.0.202105311346/tools/bin/../lib/gcc/arm-none-eabi/9.3.1/../../../../arm-none-eabi/lib/thumb/v7-m/nofp\libc_nano.a(lib_a-exit.o)
                              d:/tool/stm32cubeide_1.7.0/stm32/stm32cubeide_1.7.0/stm32cubeide/plugins/com.st.stm32cube.ide.mcu.externaltools.gnu-tools-for-stm32.9-2020-q2-update.win32_2.0.0.202105311346/tools/bin/../lib/gcc/arm-none-eabi/9.3.1/../../../../arm-none-eabi/lib/thumb/v7-m/nofp/crt0.o (exit)
d:/tool/stm32cubeide_1.7.0/stm32/stm32cubeide_1.7.0/stm32cubeide/plugins/com.st.stm32cube.ide.mcu.externaltools.gnu-tools-for-stm32.9-2020-q2-update.win32_2.0.0.202105311346/tools/bin/../lib/gcc/arm-none-eabi/9.3.1/../../../../arm-none-eabi/lib/thumb/v7-m/nofp\libc_nano.a(lib_a-impure.o)
                              d:/tool/stm32cubeide_1.7.0/stm32/stm32cubeide_1.7.0/stm32cubeide/plugins/com.st.stm32cube.ide.mcu.externaltools.gnu-tools-for-stm32.9-2020-q2-update.win32_2.0.0.202105311346/tools/bin/../lib/gcc/arm-none-eabi/9.3.1/../../../../arm-none-eabi/lib/thumb/v7-m/nofp\libc_nano.a(lib_a-exit.o) (_global_impure_ptr)
d:/tool/stm32cubeide_1.7.0/stm32/stm32cubeide_1.7.0/stm32cubeide/plugins/com.st.stm32cube.ide.mcu.externaltools.gnu-tools-for-stm32.9-2020-q2-update.win32_2.0.0.202105311346/tools/bin/../lib/gcc/arm-none-eabi/9.3.1/../../../../arm-none-eabi/lib/thumb/v7-m/nofp\libc_nano.a(lib_a-init.o)
                              d:/tool/stm32cubeide_1.7.0/stm32/stm32cubeide_1.7.0/stm32cubeide/plugins/com.st.stm32cube.ide.mcu.externaltools.gnu-tools-for-stm32.9-2020-q2-update.win32_2.0.0.202105311346/tools/bin/../lib/gcc/arm-none-eabi/9.3.1/../../../../arm-none-eabi/lib/thumb/v7-m/nofp/crt0.o (__libc_init_array)
d:/tool/stm32cubeide_1.7.0/stm32/stm32cubeide_1.7.0/stm32cubeide/plugins/com.st.stm32cube.ide.mcu.externaltools.gnu-tools-for-stm32.9-2020-q2-update.win32_2.0.0.202105311346/tools/bin/../lib/gcc/arm-none-eabi/9.3.1/../../../../arm-none-eabi/lib/thumb/v7-m/nofp\libc_nano.a(lib_a-memset.o)
                              d:/tool/stm32cubeide_1.7.0/stm32/stm32cubeide_1.7.0/stm32cubeide/plugins/com.st.stm32cube.ide.mcu.externaltools.gnu-tools-for-stm32.9-2020-q2-update.win32_2.0.0.202105311346/tools/bin/../lib/gcc/arm-none-eabi/9.3.1/../../../../arm-none-eabi/lib/thumb/v7-m/nofp/crt0.o (memset)
d:/tool/stm32cubeide_1.7.0/stm32/stm32cubeide_1.7.0/stm32cubeide/plugins/com.st.stm32cube.ide.mcu.externaltools.gnu-tools-for-stm32.9-2020-q2-update.win32_2.0.0.202105311346/tools/bin/../lib/gcc/arm-none-eabi/9.3.1/../../../../arm-none-eabi/lib/thumb/v7-m/nofp\libc_nano.a(lib_a-sprintf.o)
                              ./Core/Src/uart_fsm.o (sprintf)
d:/tool/stm32cubeide_1.7.0/stm32/stm32cubeide_1.7.0/stm32cubeide/plugins/com.st.stm32cube.ide.mcu.externaltools.gnu-tools-for-stm32.9-2020-q2-update.win32_2.0.0.202105311346/tools/bin/../lib/gcc/arm-none-eabi/9.3.1/../../../../arm-none-eabi/lib/thumb/v7-m/nofp\libc_nano.a(lib_a-nano-svfprintf.o)
                              d:/tool/stm32cubeide_1.7.0/stm32/stm32cubeide_1.7.0/stm32cubeide/plugins/com.st.stm32cube.ide.mcu.externaltools.gnu-tools-for-stm32.9-2020-q2-update.win32_2.0.0.202105311346/tools/bin/../lib/gcc/arm-none-eabi/9.3.1/../../../../arm-none-eabi/lib/thumb/v7-m/nofp\libc_nano.a(lib_a-sprintf.o) (_svfprintf_r)
d:/tool/stm32cubeide_1.7.0/stm32/stm32cubeide_1.7.0/stm32cubeide/plugins/com.st.stm32cube.ide.mcu.externaltools.gnu-tools-for-stm32.9-2020-q2-update.win32_2.0.0.202105311346/tools/bin/../lib/gcc/arm-none-eabi/9.3.1/../../../../arm-none-eabi/lib/thumb/v7-m/nofp\libc_nano.a(lib_a-nano-vfprintf_i.o)
                              d:/tool/stm32cubeide_1.7.0/stm32/stm32cubeide_1.7.0/stm32cubeide/plugins/com.st.stm32cube.ide.mcu.externaltools.gnu-tools-for-stm32.9-2020-q2-update.win32_2.0.0.202105311346/tools/bin/../lib/gcc/arm-none-eabi/9.3.1/../../../../arm-none-eabi/lib/thumb/v7-m/nofp\libc_nano.a(lib_a-nano-svfprintf.o) (_printf_i)
d:/tool/stm32cubeide_1.7.0/stm32/stm32cubeide_1.7.0/stm32cubeide/plugins/com.st.stm32cube.ide.mcu.externaltools.gnu-tools-for-stm32.9-2020-q2-update.win32_2.0.0.202105311346/tools/bin/../lib/gcc/arm-none-eabi/9.3.1/../../../../arm-none-eabi/lib/thumb/v7-m/nofp\libc_nano.a(lib_a-memchr-stub.o)
[...]
Memory Configuration

Name             Origin             Length             Attributes
RAM              0x0000000020000000 0x0000000000002800 xrw
FLASH            0x0000000008000000 0x0000000000008000 xr
*default*        0x0000000000000000 0xffffffffffffffff

Linker script and memory map

LOAD d:/tool/stm32cubeide_1.7.0/stm32/stm32cubeide_1.7.0/stm32cubeide/plugins/com.st.stm32cube.ide.mcu.externaltools.gnu-tools-for-stm32.9-2020-q2-update.win32_2.0.0.202105311346/tools/bin/../lib/gcc/arm-none-eabi/9.3.1/thumb/v7-m/nofp/crti.o
LOAD d:/tool/stm32cubeide_1.7.0/stm32/stm32cubeide_1.7.0/stm32cubeide/plugins/com.st.stm32cube.ide.mcu.externaltools.gnu-tools-for-stm32.9-2020-q2-update.win32_2.0.0.202105311346/tools/bin/../lib/gcc/arm-none-eabi/9.3.1/thumb/v7-m/nofp/crtbegin.o
LOAD d:/tool/stm32cubeide_1.7.0/stm32/stm32cubeide_1.7.0/stm32cubeide/plugins/com.st.stm32cube.ide.mcu.externaltools.gnu-tools-for-stm32.9-2020-q2-update.win32_2.0.0.202105311346/tools/bin/../lib/gcc/arm-none-eabi/9.3.1/../../../../arm-none-eabi/lib/thumb/v7-m/nofp/crt0.o
LOAD ./Core/Src/Software_timer.o
LOAD ./Core/Src/global.o
LOAD ./Core/Src/main.o
LOAD ./Core/Src/stm32f1xx_hal_msp.o
LOAD ./Core/Src/stm32f1xx_it.o
LOAD ./Core/Src/syscalls.o
LOAD ./Core/Src/sysmem.o
LOAD ./Core/Src/system_stm32f1xx.o
LOAD ./Core/Src/uart_fsm.o
LOAD ./Core/Startup/startup_stm32f103c6ux.o
LOAD ./Drivers/STM32F1xx_HAL_Driver/Src/stm32f1xx_hal.o
LOAD ./Drivers/STM32F1xx_HAL_Driver/Src/stm32f1xx_hal_adc.o
LOAD ./Drivers/STM32F1xx_HAL_Driver/Src/stm32f1xx_hal_adc_ex.o
LOAD ./Drivers/STM32F1xx_HAL_Driver/Src/stm32f1xx_hal_cortex.o
LOAD ./Drivers/STM32F1xx_HAL_Driver/Src/stm32f1xx_hal_dma.o
LOAD ./Drivers/STM32F1xx_HAL_Driver/Src/stm32f1xx_hal_exti.o
LOAD ./Drivers/STM32F1xx_HAL_Driver/Src/stm32f1xx_hal_flash.o
LOAD ./Drivers/STM32F1xx_HAL_Driver/Src/stm32f1xx_hal_flash_ex.o
LOAD ./Drivers/STM32F1xx_HAL_Driver/Src/stm32f1xx_hal_gpio.o
LOAD ./Drivers/STM32F1xx_HAL_Driver/Src/stm32f1xx_hal_gpio_ex.o
LOAD ./Drivers/STM32F1xx_HAL_Driver/Src/stm32f1xx_hal_pwr.o
LOAD ./Drivers/STM32F1xx_HAL_Driver/Src/stm32f1xx_hal_rcc.o
LOAD ./Drivers/STM32F1xx_HAL_Driver/Src/stm32f1xx_hal_rcc_ex.o
LOAD ./Drivers/STM32F1xx_HAL_Driver/Src/stm32f1xx_hal_tim.o
LOAD ./Drivers/STM32F1xx_HAL_Driver/Src/stm32f1xx_hal_tim_ex.o
LOAD ./Drivers/STM32F1xx_HAL_Driver/Src/stm32f1xx_hal_uart.o
START GROUP
LOAD d:/tool/stm32cubeide_1.7.0/stm32/stm32cubeide_1.7.0/stm32cubeide/plugins/com.st.stm32cube.ide.mcu.externaltools.gnu-tools-for-stm32.9-2020-q2-update.win32_2.0.0.202105311346/tools/bin/../lib/gcc/arm-none-eabi/9.3.1/../../../../arm-none-eabi/lib/thumb/v7-m/nofp\libc_nano.a
LOAD d:/tool/stm32cubeide_1.7.0/stm32/stm32cubeide_1.7.0/stm32cubeide/plugins/com.st.stm32cube.ide.mcu.externaltools.gnu-tools-for-stm32.9-2020-q2-update.win32_2.0.0.202105311346/tools/bin/../lib/gcc/arm-none-eabi/9.3.1/../../../../arm-none-eabi/lib/thumb/v7-m/nofp\libm.a
END GROUP
START GROUP
LOAD d:/tool/stm32cubeide_1.7.0/stm32/stm32cubeide_1.7.0/stm32cubeide/plugins/com.st.stm32cube.ide.mcu.externaltools.gnu-tools-for-stm32.9-2020-q2-update.win32_2.0.0.202105311346/tools/bin/../lib/gcc/arm-none-eabi/9.3.1/thumb/v7-m/nofp\libgcc.a
LOAD d:/tool/stm32cubeide_1.7.0/stm32/stm32cubeide_1.7.0/stm32cubeide/plugins/com.st.stm32cube.ide.mcu.externaltools.gnu-tools-for-stm32.9-2020-q2-update.win32_2.0.0.202105311346/tools/bin/../lib/gcc/arm-none-eabi/9.3.1/../../../../arm-none-eabi/lib/thumb/v7-m/nofp\libc_nano.a
END GROUP
START GROUP
LOAD d:/tool/stm32cubeide_1.7.0/stm32/stm32cubeide_1.7.0/stm32cubeide/plugins/com.st.stm32cube.ide.mcu.externaltools.gnu-tools-for-stm32.9-2020-q2-update.win32_2.0.0.202105311346/tools/bin/../lib/gcc/arm-none-eabi/9.3.1/thumb/v7-m/nofp\libgcc.a
LOAD d:/tool/stm32cubeide_1.7.0/stm32/stm32cubeide_1.7.0/stm32cubeide/plugins/com.st.stm32cube.ide.mcu.externaltools.gnu-tools-for-stm32.9-2020-q2-update.win32_2.0.0.202105311346/tools/bin/../lib/gcc/arm-none-eabi/9.3.1/../../../../arm-none-eabi/lib/thumb/v7-m/nofp\libc_nano.a
LOAD d:/tool/stm32cubeide_1.7.0/stm32/stm32cubeide_1.7.0/stm32cubeide/plugins/com.st.stm32cube.ide.mcu.externaltools.gnu-tools-for-stm32.9-2020-q2-update.win32_2.0.0.202105311346/tools/bin/../lib/gcc/arm-none-eabi/9.3.1/../../../../arm-none-eabi/lib/thumb/v7-m/nofp\libnosys.a
END GROUP
START GROUP
LOAD d:/tool/stm32cubeide_1.7.0/stm32/stm32cubeide_1.7.0/stm32cubeide/plugins/com.st.stm32cube.ide.mcu.externaltools.gnu-tools-for-stm32.9-2020-q2-update.win32_2.0.0.202105311346/tools/bin/../lib/gcc/arm-none-eabi/9.3.1/thumb/v7-m/nofp\libgcc.a
LOAD d:/tool/stm32cubeide_1.7.0/stm32/stm32cubeide_1.7.0/stm32cubeide/plugins/com.st.stm32cube.ide.mcu.externaltools.gnu-tools-for-stm32.9-2020-q2-update.win32_2.0.0.202105311346/tools/bin/../lib/gcc/arm-none-eabi/9.3.1/../../../../arm-none-eabi/lib/thumb/v7-m/nofp\libc_nano.a
LOAD d:/tool/stm32cubeide_1.7.0/stm32/stm32cubeide_1.7.0/stm32cubeide/plugins/com.st.stm32cube.ide.mcu.externaltools.gnu-tools-for-stm32.9-2020-q2-update.win32_2.0.0.202105311346/tools/bin/../lib/gcc/arm-none-eabi/9.3.1/../../../../arm-none-eabi/lib/thumb/v7-m/nofp\libnosys.a
END GROUP
LOAD d:/tool/stm32cubeide_1.7.0/stm32/stm32cubeide_1.7.0/stm32cubeide/plugins/com.st.stm32cube.ide.mcu.externaltools.gnu-tools-for-stm32.9-2020-q2-update.win32_2.0.0.202105311346/tools/bin/../lib/gcc/arm-none-eabi/9.3.1/thumb/v7-m/nofp/crtend.o
LOAD d:/tool/stm32cubeide_1.7.0/stm32/stm32cubeide_1.7.0/stm32cubeide/plugins/com.st.stm32cube.ide.mcu.externaltools.gnu-tools-for-stm32.9-2020-q2-update.win32_2.0.0.202105311346/tools/bin/../lib/gcc/arm-none-eabi/9.3.1/thumb/v7-m/nofp/crtn.o
                0x0000000020002800                _estack = (ORIGIN (RAM) + LENGTH (RAM))
                0x0000000000000200                _Min_Heap_Size = 0x200
                0x0000000000000400                _Min_Stack_Size = 0x400

.isr_vector     0x0000000008000000      0x10c
                0x0000000008000000                . = ALIGN (0x4)
 *(.isr_vector)
 .isr_vector    0x0000000008000000      0x10c ./Core/Startup/startup_stm32f103c6ux.o
                0x0000000008000000                g_pfnVectors
                0x000000000800010c                . = ALIGN (0x4)

.text           0x000000000800010c     0x3c48
                0x000000000800010c                . = ALIGN (0x4)
 *(.text)
 .text          0x000000000800010c       0x40 d:/tool/stm32cubeide_1.7.0/stm32/stm32cubeide_1.7.0/stm32cubeide/plugins/com.st.stm32cube.ide.mcu.externaltools.gnu-tools-for-stm32.9-2020-q2-update.win32_2.0.0.202105311346/tools/bin/../lib/gcc/arm-none-eabi/9.3.1/thumb/v7-m/nofp/crtbegin.o
 *(.text*)
 .text.setTimer1
                0x000000000800014c       0x38 ./Core/Src/Software_timer.o
                0x000000000800014c                setTimer1
 .text.timerRun
                0x0000000008000184       0xd4 ./Core/Src/Software_timer.o
                0x0000000008000184                timerRun
 .text.HAL_UART_RxCpltCallback
                0x0000000008000258       0x74 ./Core/Src/main.o
                0x0000000008000258                HAL_UART_RxCpltCallback
 .text.main     0x00000000080002cc       0x64 ./Core/Src/main.o
                0x00000000080002cc                main
 .text.SystemClock_Config
                0x0000000008000330       0xa0 ./Core/Src/main.o
                0x0000000008000330                SystemClock_Config
 .text.MX_ADC1_Init
                0x00000000080003d0       0x7c ./Core/Src/main.o
 .text.MX_TIM2_Init
                0x000000000800044c       0x98 ./Core/Src/main.o
 .text.MX_USART2_UART_Init
                0x00000000080004e4       0x54 ./Core/Src/main.o
 .text.MX_GPIO_Init
                0x0000000008000538       0xc4 ./Core/Src/main.o
 .text.HAL_TIM_PeriodElapsedCallback
                0x00000000080005fc       0x14 ./Core/Src/main.o
                0x00000000080005fc                HAL_TIM_PeriodElapsedCallback
 .text.Error_Handler
                0x0000000008000610        0xa ./Core/Src/main.o
                0x0000000008000610                Error_Handler
 *fill*         0x000000000800061a        0x2 
 .text.HAL_MspInit
                0x000000000800061c       0x64 ./Core/Src/stm32f1xx_hal_msp.o
                0x000000000800061c                HAL_MspInit
 .text.HAL_ADC_MspInit
                0x0000000008000680       0x78 ./Core/Src/stm32f1xx_hal_msp.o
                0x0000000008000680                HAL_ADC_MspInit
 .text.HAL_TIM_Base_MspInit
                0x00000000080006f8       0x48 ./Core/Src/stm32f1xx_hal_msp.o
                0x00000000080006f8                HAL_TIM_Base_MspInit
 .text.HAL_UART_MspInit
                0x0000000008000740       0xa4 ./Core/Src/stm32f1xx_hal_msp.o
                0x0000000008000740                HAL_UART_MspInit
 .text.NMI_Handler
                0x00000000080007e4        0x6 ./Core/Src/stm32f1xx_it.o
                0x00000000080007e4                NMI_Handler
 .text.HardFault_Handler
                0x00000000080007ea        0x6 ./Core/Src/stm32f1xx_it.o
                0x00000000080007ea                HardFault_Handler
 .text.MemManage_Handler
                0x00000000080007f0        0x6 ./Core/Src/stm32f1xx_it.o
                0x00000000080007f0                MemManage_Handler
 .text.BusFault_Handler
                0x00000000080007f6        0x6 ./Core/Src/stm32f1xx_it.o
                0x00000000080007f6                BusFault_Handler
 .text.UsageFault_Handler
                0x00000000080007fc        0x6 ./Core/Src/stm32f1xx_it.o
                0x00000000080007fc                UsageFault_Handler
 .text.SVC_Handler
                0x0000000008000802        0xc ./Core/Src/stm32f1xx_it.o
                0x0000000008000802                SVC_Handler
 .text.DebugMon_Handler
                0x000000000800080e        0xc ./Core/Src/stm32f1xx_it.o
                0x000000000800080e                DebugMon_Handler
 .text.PendSV_Handler
                0x000000000800081a        0xc ./Core/Src/stm32f1xx_it.o
                0x000000000800081a                PendSV_Handler
 .text.SysTick_Handler
                0x0000000008000826        0xc ./Core/Src/stm32f1xx_it.o
                0x0000000008000826                SysTick_Handler
 *fill*         0x0000000008000832        0x2 
 .text.TIM2_IRQHandler
                0x0000000008000834       0x14 ./Core/Src/stm32f1xx_it.o
                0x0000000008000834                TIM2_IRQHandler
 .text.USART2_IRQHandler
                0x0000000008000848       0x14 ./Core/Src/stm32f1xx_it.o
                0x0000000008000848                USART2_IRQHandler
 .text._sbrk    0x000000000800085c       0x6c ./Core/Src/sysmem.o
                0x000000000800085c                _sbrk
 .text.SystemInit
                0x00000000080008c8        0xc ./Core/Src/system_stm32f1xx.o
                0x00000000080008c8                SystemInit
 .text.resetbuffer
                0x00000000080008d4       0x3c ./Core/Src/uart_fsm.o
                0x00000000080008d4                resetbuffer
 .text.command_parser_fsm
                0x0000000008000910       0x8c ./Core/Src/uart_fsm.o
                0x0000000008000910                command_parser_fsm
 .text.uart_communiation_fsm
                0x000000000800099c       0xc0 ./Core/Src/uart_fsm.o
                0x000000000800099c                uart_communiation_fsm
 .text.Reset_Handler
                0x0000000008000a5c       0x48 ./Core/Startup/startup_stm32f103c6ux.o
                0x0000000008000a5c                Reset_Handler
 .text.Default_Handler
                0x0000000008000aa4        0x2 ./Core/Startup/startup_stm32f103c6ux.o
                0x0000000008000aa4                RTC_Alarm_IRQHandler
                0x0000000008000aa4                EXTI2_IRQHandler
                0x0000000008000aa4                TIM1_CC_IRQHandler
                0x0000000008000aa4                PVD_IRQHandler
                0x0000000008000aa4                EXTI3_IRQHandler
                0x0000000008000aa4                EXTI0_IRQHandler
                0x0000000008000aa4                ADC1_2_IRQHandler
                0x0000000008000aa4                SPI1_IRQHandler
                0x0000000008000aa4                TAMPER_IRQHandler
                0x0000000008000aa4                DMA1_Channel4_IRQHandler
                0x0000000008000aa4                RTC_IRQHandler
                0x0000000008000aa4                DMA1_Channel7_IRQHandler
                0x0000000008000aa4                CAN1_RX1_IRQHandler
                0x0000000008000aa4                I2C1_EV_IRQHandler
                0x0000000008000aa4                DMA1_Channel6_IRQHandler
                0x0000000008000aa4                TIM3_IRQHandler
                0x0000000008000aa4                RCC_IRQHandler
                0x0000000008000aa4                TIM1_TRG_COM_IRQHandler
                0x0000000008000aa4                DMA1_Channel1_IRQHandler
                0x0000000008000aa4                Default_Handler
                0x0000000008000aa4                EXTI15_10_IRQHandler
                0x0000000008000aa4                EXTI9_5_IRQHandler
                0x0000000008000aa4                DMA1_Channel5_IRQHandler
                0x0000000008000aa4                EXTI4_IRQHandler
                0x0000000008000aa4                USB_LP_CAN1_RX0_IRQHandler
                0x0000000008000aa4                USB_HP_CAN1_TX_IRQHandler
                0x0000000008000aa4                DMA1_Channel3_IRQHandler
                0x0000000008000aa4                TIM1_UP_IRQHandler
                0x0000000008000aa4                WWDG_IRQHandler
                0x0000000008000aa4                TIM1_BRK_IRQHandler
                0x0000000008000aa4                EXTI1_IRQHandler
                0x0000000008000aa4                DMA1_Channel2_IRQHandler
                0x0000000008000aa4                CAN1_SCE_IRQHandler
                0x0000000008000aa4                FLASH_IRQHandler
                0x0000000008000aa4                USART1_IRQHandler
                0x0000000008000aa4                I2C1_ER_IRQHandler
                0x0000000008000aa4                USBWakeUp_IRQHandler
 *fill*         0x0000000008000aa6        0x2 
 .text.HAL_Init
                0x0000000008000aa8       0x2c ./Drivers/STM32F1xx_HAL_Driver/Src/stm32f1xx_hal.o
                0x0000000008000aa8                HAL_Init
 .text.HAL_InitTick
                0x0000000008000ad4       0x60 ./Drivers/STM32F1xx_HAL_Driver/Src/stm32f1xx_hal.o
                0x0000000008000ad4                HAL_InitTick
 .text.HAL_IncTick
                0x0000000008000b34       0x24 ./Drivers/STM32F1xx_HAL_Driver/Src/stm32f1xx_hal.o
                0x0000000008000b34                HAL_IncTick
 .text.HAL_GetTick
                0x0000000008000b58       0x14 ./Drivers/STM32F1xx_HAL_Driver/Src/stm32f1xx_hal.o
                0x0000000008000b58                HAL_GetTick
 .text.HAL_ADC_Init
                0x0000000008000b6c      0x1b0 ./Drivers/STM32F1xx_HAL_Driver/Src/stm32f1xx_hal_adc.o
                0x0000000008000b6c                HAL_ADC_Init
 .text.HAL_ADC_Start
                0x0000000008000d1c      0x15c ./Drivers/STM32F1xx_HAL_Driver/Src/stm32f1xx_hal_adc.o
                0x0000000008000d1c                HAL_ADC_Start
 .text.HAL_ADC_GetValue
                0x0000000008000e78       0x18 ./Drivers/STM32F1xx_HAL_Driver/Src/stm32f1xx_hal_adc.o
                0x0000000008000e78                HAL_ADC_GetValue
 .text.HAL_ADC_ConfigChannel
                0x0000000008000e90      0x1f0 ./Drivers/STM32F1xx_HAL_Driver/Src/stm32f1xx_hal_adc.o
                0x0000000008000e90                HAL_ADC_ConfigChannel
 .text.ADC_Enable
                0x0000000008001080       0xb4 ./Drivers/STM32F1xx_HAL_Driver/Src/stm32f1xx_hal_adc.o
                0x0000000008001080                ADC_Enable
 .text.ADC_ConversionStop_Disable
                0x0000000008001134       0x82 ./Drivers/STM32F1xx_HAL_Driver/Src/stm32f1xx_hal_adc.o
                0x0000000008001134                ADC_ConversionStop_Disable
 *fill*         0x00000000080011b6        0x2 
 .text.__NVIC_SetPriorityGrouping
                0x00000000080011b8       0x48 ./Drivers/STM32F1xx_HAL_Driver/Src/stm32f1xx_hal_cortex.o
 .text.__NVIC_GetPriorityGrouping
                0x0000000008001200       0x1c ./Drivers/STM32F1xx_HAL_Driver/Src/stm32f1xx_hal_cortex.o
 .text.__NVIC_EnableIRQ
                0x000000000800121c       0x38 ./Drivers/STM32F1xx_HAL_Driver/Src/stm32f1xx_hal_cortex.o
 .text.__NVIC_SetPriority
                0x0000000008001254       0x54 ./Drivers/STM32F1xx_HAL_Driver/Src/stm32f1xx_hal_cortex.o
 .text.NVIC_EncodePriority
                0x00000000080012a8       0x64 ./Drivers/STM32F1xx_HAL_Driver/Src/stm32f1xx_hal_cortex.o
 .text.SysTick_Config
                0x000000000800130c       0x44 ./Drivers/STM32F1xx_HAL_Driver/Src/stm32f1xx_hal_cortex.o
 .text.HAL_NVIC_SetPriorityGrouping
                0x0000000008001350       0x16 ./Drivers/STM32F1xx_HAL_Driver/Src/stm32f1xx_hal_cortex.o
                0x0000000008001350                HAL_NVIC_SetPriorityGrouping
 .text.HAL_NVIC_SetPriority
                0x0000000008001366       0x38 ./Drivers/STM32F1xx_HAL_Driver/Src/stm32f1xx_hal_cortex.o
                0x0000000008001366                HAL_NVIC_SetPriority
 .text.HAL_NVIC_EnableIRQ
                0x000000000800139e       0x1c ./Drivers/STM32F1xx_HAL_Driver/Src/stm32f1xx_hal_cortex.o
                0x000000000800139e                HAL_NVIC_EnableIRQ
 .text.HAL_SYSTICK_Config
                0x00000000080013ba       0x18 ./Drivers/STM32F1xx_HAL_Driver/Src/stm32f1xx_hal_cortex.o
                0x00000000080013ba                HAL_SYSTICK_Config
 .text.HAL_DMA_Abort
                0x00000000080013d2       0x74 ./Drivers/STM32F1xx_HAL_Driver/Src/stm32f1xx_hal_dma.o
                0x00000000080013d2                HAL_DMA_Abort
 *fill*         0x0000000008001446        0x2 
 .text.HAL_DMA_Abort_IT
                0x0000000008001448       0xec ./Drivers/STM32F1xx_HAL_Driver/Src/stm32f1xx_hal_dma.o
                0x0000000008001448                HAL_DMA_Abort_IT
 .text.HAL_GPIO_Init
                0x0000000008001534      0x2f4 ./Drivers/STM32F1xx_HAL_Driver/Src/stm32f1xx_hal_gpio.o
                0x0000000008001534                HAL_GPIO_Init
 .text.HAL_GPIO_WritePin
                0x0000000008001828       0x30 ./Drivers/STM32F1xx_HAL_Driver/Src/stm32f1xx_hal_gpio.o
                0x0000000008001828                HAL_GPIO_WritePin
 .text.HAL_GPIO_TogglePin
                0x0000000008001858       0x32 ./Drivers/STM32F1xx_HAL_Driver/Src/stm32f1xx_hal_gpio.o
                0x0000000008001858                HAL_GPIO_TogglePin
 *fill*         0x000000000800188a        0x2 
 .text.HAL_RCC_OscConfig
                0x000000000800188c      0x500 ./Drivers/STM32F1xx_HAL_Driver/Src/stm32f1xx_hal_rcc.o
                0x000000000800188c                HAL_RCC_OscConfig
 .text.HAL_RCC_ClockConfig
                0x0000000008001d8c      0x1d4 ./Drivers/STM32F1xx_HAL_Driver/Src/stm32f1xx_hal_rcc.o
                0x0000000008001d8c                HAL_RCC_ClockConfig
 .text.HAL_RCC_GetSysClockFreq
                0x0000000008001f60       0xc0 ./Drivers/STM32F1xx_HAL_Driver/Src/stm32f1xx_hal_rcc.o
                0x0000000008001f60                HAL_RCC_GetSysClockFreq
 .text.HAL_RCC_GetHCLKFreq
                0x0000000008002020       0x14 ./Drivers/STM32F1xx_HAL_Driver/Src/stm32f1xx_hal_rcc.o
                0x0000000008002020                HAL_RCC_GetHCLKFreq
 .text.HAL_RCC_GetPCLK1Freq
                0x0000000008002034       0x28 ./Drivers/STM32F1xx_HAL_Driver/Src/stm32f1xx_hal_rcc.o
                0x0000000008002034                HAL_RCC_GetPCLK1Freq
 .text.HAL_RCC_GetPCLK2Freq
                0x000000000800205c       0x28 ./Drivers/STM32F1xx_HAL_Driver/Src/stm32f1xx_hal_rcc.o
                0x000000000800205c                HAL_RCC_GetPCLK2Freq
 .text.RCC_Delay
                0x0000000008002084       0x3c ./Drivers/STM32F1xx_HAL_Driver/Src/stm32f1xx_hal_rcc.o
 .text.HAL_RCCEx_PeriphCLKConfig
                0x00000000080020c0      0x16c ./Drivers/STM32F1xx_HAL_Driver/Src/stm32f1xx_hal_rcc_ex.o
                0x00000000080020c0                HAL_RCCEx_PeriphCLKConfig
 .text.HAL_TIM_Base_Init
                0x000000000800222c       0x9e ./Drivers/STM32F1xx_HAL_Driver/Src/stm32f1xx_hal_tim.o
                0x000000000800222c                HAL_TIM_Base_Init
 *fill*         0x00000000080022ca        0x2 
 .text.HAL_TIM_Base_Start_IT
                0x00000000080022cc       0x98 ./Drivers/STM32F1xx_HAL_Driver/Src/stm32f1xx_hal_tim.o
                0x00000000080022cc                HAL_TIM_Base_Start_IT
 .text.HAL_TIM_IRQHandler
                0x0000000008002364      0x210 ./Drivers/STM32F1xx_HAL_Driver/Src/stm32f1xx_hal_tim.o
                0x0000000008002364                HAL_TIM_IRQHandler
 .text.HAL_TIM_ConfigClockSource
                0x0000000008002574      0x188 ./Drivers/STM32F1xx_HAL_Driver/Src/stm32f1xx_hal_tim.o
                0x0000000008002574                HAL_TIM_ConfigClockSource
 .text.HAL_TIM_OC_DelayElapsedCallback
                0x00000000080026fc       0x12 ./Drivers/STM32F1xx_HAL_Driver/Src/stm32f1xx_hal_tim.o
                0x00000000080026fc                HAL_TIM_OC_DelayElapsedCallback
 .text.HAL_TIM_IC_CaptureCallback
                0x000000000800270e       0x12 ./Drivers/STM32F1xx_HAL_Driver/Src/stm32f1xx_hal_tim.o
                0x000000000800270e                HAL_TIM_IC_CaptureCallback
 .text.HAL_TIM_PWM_PulseFinishedCallback
                0x0000000008002720       0x12 ./Drivers/STM32F1xx_HAL_Driver/Src/stm32f1xx_hal_tim.o
                0x0000000008002720                HAL_TIM_PWM_PulseFinishedCallback
 .text.HAL_TIM_TriggerCallback
                0x0000000008002732       0x12 ./Drivers/STM32F1xx_HAL_Driver/Src/stm32f1xx_hal_tim.o
                0x0000000008002732                HAL_TIM_TriggerCallback
 .text.TIM_Base_SetConfig
                0x0000000008002744       0xb0 ./Drivers/STM32F1xx_HAL_Driver/Src/stm32f1xx_hal_tim.o
                0x0000000008002744                TIM_Base_SetConfig
 .text.TIM_TI1_ConfigInputStage
                0x00000000080027f4       0x5c ./Drivers/STM32F1xx_HAL_Driver/Src/stm32f1xx_hal_tim.o
 .text.TIM_TI2_ConfigInputStage
                0x0000000008002850       0x5e ./Drivers/STM32F1xx_HAL_Driver/Src/stm32f1xx_hal_tim.o
 .text.TIM_ITRx_SetConfig
                0x00000000080028ae       0x34 ./Drivers/STM32F1xx_HAL_Driver/Src/stm32f1xx_hal_tim.o
 .text.TIM_ETR_SetConfig
                0x00000000080028e2       0x3e ./Drivers/STM32F1xx_HAL_Driver/Src/stm32f1xx_hal_tim.o
                0x00000000080028e2                TIM_ETR_SetConfig
 .text.HAL_TIMEx_MasterConfigSynchronization
                0x0000000008002920       0xb0 ./Drivers/STM32F1xx_HAL_Driver/Src/stm32f1xx_hal_tim_ex.o
                0x0000000008002920                HAL_TIMEx_MasterConfigSynchronization
 .text.HAL_TIMEx_CommutCallback
                0x00000000080029d0       0x12 ./Drivers/STM32F1xx_HAL_Driver/Src/stm32f1xx_hal_tim_ex.o
                0x00000000080029d0                HAL_TIMEx_CommutCallback
 .text.HAL_TIMEx_BreakCallback
                0x00000000080029e2       0x12 ./Drivers/STM32F1xx_HAL_Driver/Src/stm32f1xx_hal_tim_ex.o
                0x00000000080029e2                HAL_TIMEx_BreakCallback
 .text.HAL_UART_Init
                0x00000000080029f4       0x9a ./Drivers/STM32F1xx_HAL_Driver/Src/stm32f1xx_hal_uart.o
                0x00000000080029f4                HAL_UART_Init
 .text.HAL_UART_Transmit
                0x0000000008002a8e      0x124 ./Drivers/STM32F1xx_HAL_Driver/Src/stm32f1xx_hal_uart.o
                0x0000000008002a8e                HAL_UART_Transmit
 .text.HAL_UART_Receive_IT
                0x0000000008002bb2       0x60 ./Drivers/STM32F1xx_HAL_Driver/Src/stm32f1xx_hal_uart.o
                0x0000000008002bb2                HAL_UART_Receive_IT
 *fill*         0x0000000008002c12        0x2 
 .text.HAL_UART_IRQHandler
                0x0000000008002c14      0x354 ./Drivers/STM32F1xx_HAL_Driver/Src/stm32f1xx_hal_uart.o
                0x0000000008002c14                HAL_UART_IRQHandler
 .text.HAL_UART_TxCpltCallback
                0x0000000008002f68       0x12 ./Drivers/STM32F1xx_HAL_Driver/Src/stm32f1xx_hal_uart.o
                0x0000000008002f68                HAL_UART_TxCpltCallback
 .text.HAL_UART_ErrorCallback
                0x0000000008002f7a       0x12 ./Drivers/STM32F1xx_HAL_Driver/Src/stm32f1xx_hal_uart.o
                0x0000000008002f7a                HAL_UART_ErrorCallback
 .text.HAL_UARTEx_RxEventCallback
                0x0000000008002f8c       0x16 ./Drivers/STM32F1xx_HAL_Driver/Src/stm32f1xx_hal_uart.o
                0x0000000008002f8c                HAL_UARTEx_RxEventCallback
 .text.UART_WaitOnFlagUntilTimeout
                0x0000000008002fa2       0x94 ./Drivers/STM32F1xx_HAL_Driver/Src/stm32f1xx_hal_uart.o
 .text.UART_Start_Receive_IT
                0x0000000008003036       0x72 ./Drivers/STM32F1xx_HAL_Driver/Src/stm32f1xx_hal_uart.o
                0x0000000008003036                UART_Start_Receive_IT
 .text.UART_EndRxTransfer
                0x00000000080030a8       0x58 ./Drivers/STM32F1xx_HAL_Driver/Src/stm32f1xx_hal_uart.o
 .text.UART_DMAAbortOnError
                0x0000000008003100       0x28 ./Drivers/STM32F1xx_HAL_Driver/Src/stm32f1xx_hal_uart.o
 .text.UART_Transmit_IT
                0x0000000008003128       0x9e ./Drivers/STM32F1xx_HAL_Driver/Src/stm32f1xx_hal_uart.o
 .text.UART_EndTransmit_IT
                0x00000000080031c6       0x30 ./Drivers/STM32F1xx_HAL_Driver/Src/stm32f1xx_hal_uart.o
 .text.UART_Receive_IT
                0x00000000080031f6      0x152 ./Drivers/STM32F1xx_HAL_Driver/Src/stm32f1xx_hal_uart.o
 .text.UART_SetConfig
                0x0000000008003348      0x11c ./Drivers/STM32F1xx_HAL_Driver/Src/stm32f1xx_hal_uart.o
 .text.__errno  0x0000000008003464        0xc d:/tool/stm32cubeide_1.7.0/stm32/stm32cubeide_1.7.0/stm32cubeide/plugins/com.st.stm32cube.ide.mcu.externaltools.gnu-tools-for-stm32.9-2020-q2-update.win32_2.0.0.202105311346/tools/bin/../lib/gcc/arm-none-eabi/9.3.1/../../../../arm-none-eabi/lib/thumb/v7-m/nofp\libc_nano.a(lib_a-errno.o)
                0x0000000008003464                __errno
 .text.__libc_init_array
                0x0000000008003470       0x48 d:/tool/stm32cubeide_1.7.0/stm32/stm32cubeide_1.7.0/stm32cubeide/plugins/com.st.stm32cube.ide.mcu.externaltools.gnu-tools-for-stm32.9-2020-q2-update.win32_2.0.0.202105311346/tools/bin/../lib/gcc/arm-none-eabi/9.3.1/../../../../arm-none-eabi/lib/thumb/v7-m/nofp\libc_nano.a(lib_a-init.o)
                0x0000000008003470                __libc_init_array
 .text.memset   0x00000000080034b8       0x10 d:/tool/stm32cubeide_1.7.0/stm32/stm32cubeide_1.7.0/stm32cubeide/plugins/com.st.stm32cube.ide.mcu.externaltools.gnu-tools-for-stm32.9-2020-q2-update.win32_2.0.0.202105311346/tools/bin/../lib/gcc/arm-none-eabi/9.3.1/../../../../arm-none-eabi/lib/thumb/v7-m/nofp\libc_nano.a(lib_a-memset.o)
                0x00000000080034b8                memset
 .text.sprintf  0x00000000080034c8       0x40 d:/tool/stm32cubeide_1.7.0/stm32/stm32cubeide_1.7.0/stm32cubeide/plugins/com.st.stm32cube.ide.mcu.externaltools.gnu-tools-for-stm32.9-2020-q2-update.win32_2.0.0.202105311346/tools/bin/../lib/gcc/arm-none-eabi/9.3.1/../../../../arm-none-eabi/lib/thumb/v7-m/nofp\libc_nano.a(lib_a-sprintf.o)
                0x00000000080034c8                siprintf
                0x00000000080034c8                sprintf
 .text.__ssputs_r
                0x0000000008003508       0xb6 d:/tool/stm32cubeide_1.7.0/stm32/stm32cubeide_1.7.0/stm32cubeide/plugins/com.st.stm32cube.ide.mcu.externaltools.gnu-tools-for-stm32.9-2020-q2-update.win32_2.0.0.202105311346/tools/bin/../lib/gcc/arm-none-eabi/9.3.1/../../../../arm-none-eabi/lib/thumb/v7-m/nofp\libc_nano.a(lib_a-nano-svfprintf.o)
                0x0000000008003508                __ssputs_r
 *fill*         0x00000000080035be        0x2 
 .text._svfprintf_r
                0x00000000080035c0      0x200 d:/tool/stm32cubeide_1.7.0/stm32/stm32cubeide_1.7.0/stm32cubeide/plugins/com.st.stm32cube.ide.mcu.externaltools.gnu-tools-for-stm32.9-2020-q2-update.win32_2.0.0.202105311346/tools/bin/../lib/gcc/arm-none-eabi/9.3.1/../../../../arm-none-eabi/lib/thumb/v7-m/nofp\libc_nano.a(lib_a-nano-svfprintf.o)
                0x00000000080035c0                _svfiprintf_r
                0x00000000080035c0                _svfprintf_r
 .text._printf_common
                0x00000000080037c0       0xde d:/tool/stm32cubeide_1.7.0/stm32/stm32cubeide_1.7.0/stm32cubeide/plugins/com.st.stm32cube.ide.mcu.externaltools.gnu-tools-for-stm32.9-2020-q2-update.win32_2.0.0.202105311346/tools/bin/../lib/gcc/arm-none-eabi/9.3.1/../../../../arm-none-eabi/lib/thumb/v7-m/nofp\libc_nano.a(lib_a-nano-vfprintf_i.o)
                0x00000000080037c0                _printf_common
 *fill*         0x000000000800389e        0x2 
 .text._printf_i
                0x00000000080038a0      0x24c d:/tool/stm32cubeide_1.7.0/stm32/stm32cubeide_1.7.0/stm32cubeide/plugins/com.st.stm32cube.ide.mcu.externaltools.gnu-tools-for-stm32.9-2020-q2-update.win32_2.0.0.202105311346/tools/bin/../lib/gcc/arm-none-eabi/9.3.1/../../../../arm-none-eabi/lib/thumb/v7-m/nofp\libc_nano.a(lib_a-nano-vfprintf_i.o)
                0x00000000080038a0                _printf_i
 .text.memchr   0x0000000008003aec       0x1c d:/tool/stm32cubeide_1.7.0/stm32/stm32cubeide_1.7.0/stm32cubeide/plugins/com.st.stm32cube.ide.mcu.externaltools.gnu-tools-for-stm32.9-2020-q2-update.win32_2.0.0.202105311346/tools/bin/../lib/gcc/arm-none-eabi/9.3.1/../../../../arm-none-eabi/lib/thumb/v7-m/nofp\libc_nano.a(lib_a-memchr-stub.o)
                0x0000000008003aec                memchr
 .text.memcpy   0x0000000008003b08       0x1c d:/tool/stm32cubeide_1.7.0/stm32/stm32cubeide_1.7.0/stm32cubeide/plugins/com.st.stm32cube.ide.mcu.externaltools.gnu-tools-for-stm32.9-2020-q2-update.win32_2.0.0.202105311346/tools/bin/../lib/gcc/arm-none-eabi/9.3.1/../../../../arm-none-eabi/lib/thumb/v7-m/nofp\libc_nano.a(lib_a-memcpy-stub.o)
                0x0000000008003b08                memcpy
 .text.memmove  0x0000000008003b24       0x34 d:/tool/stm32cubeide_1.7.0/stm32/stm32cubeide_1.7.0/stm32cubeide/plugins/com.st.stm32cube.ide.mcu.externaltools.gnu-tools-for-stm32.9-2020-q2-update.win32_2.0.0.202105311346/tools/bin/../lib/gcc/arm-none-eabi/9.3.1/../../../../arm-none-eabi/lib/thumb/v7-m/nofp\libc_nano.a(lib_a-memmove.o)
                0x0000000008003b24                memmove
 .text._free_r  0x0000000008003b58       0x98 d:/tool/stm32cubeide_1.7.0/stm32/stm32cubeide_1.7.0/stm32cubeide/plugins/com.st.stm32cube.ide.mcu.externaltools.gnu-tools-for-stm32.9-2020-q2-update.win32_2.0.0.202105311346/tools/bin/../lib/gcc/arm-none-eabi/9.3.1/../../../../arm-none-eabi/lib/thumb/v7-m/nofp\libc_nano.a(lib_a-nano-freer.o)
                0x0000000008003b58                _free_r
 .text._malloc_r
                0x0000000008003bf0       0xb4 d:/tool/stm32cubeide_1.7.0/stm32/stm32cubeide_1.7.0/stm32cubeide/plugins/com.st.stm32cube.ide.mcu.externaltools.gnu-tools-for-stm32.9-2020-q2-update.win32_2.0.0.202105311346/tools/bin/../lib/gcc/arm-none-eabi/9.3.1/../../../../arm-none-eabi/lib/thumb/v7-m/nofp\libc_nano.a(lib_a-nano-mallocr.o)
                0x0000000008003bf0                _malloc_r
 .text._realloc_r
                0x0000000008003ca4       0x4c d:/tool/stm32cubeide_1.7.0/stm32/stm32cubeide_1.7.0/stm32cubeide/plugins/com.st.stm32cube.ide.mcu.externaltools.gnu-tools-for-stm32.9-2020-q2-update.win32_2.0.0.202105311346/tools/bin/../lib/gcc/arm-none-eabi/9.3.1/../../../../arm-none-eabi/lib/thumb/v7-m/nofp\libc_nano.a(lib_a-nano-reallocr.o)
                0x0000000008003ca4                _realloc_r
 .text._sbrk_r  0x0000000008003cf0       0x20 d:/tool/stm32cubeide_1.7.0/stm32/stm32cubeide_1.7.0/stm32cubeide/plugins/com.st.stm32cube.ide.mcu.externaltools.gnu-tools-for-stm32.9-2020-q2-update.win32_2.0.0.202105311346/tools/bin/../lib/gcc/arm-none-eabi/9.3.1/../../../../arm-none-eabi/lib/thumb/v7-m/nofp\libc_nano.a(lib_a-sbrkr.o)
                0x0000000008003cf0                _sbrk_r
 .text.__malloc_lock
                0x0000000008003d10        0xc d:/tool/stm32cubeide_1.7.0/stm32/stm32cubeide_1.7.0/stm32cubeide/plugins/com.st.stm32cube.ide.mcu.externaltools.gnu-tools-for-stm32.9-2020-q2-update.win32_2.0.0.202105311346/tools/bin/../lib/gcc/arm-none-eabi/9.3.1/../../../../arm-none-eabi/lib/thumb/v7-m/nofp\libc_nano.a(lib_a-mlock.o)
                0x0000000008003d10                __malloc_lock
 .text.__malloc_unlock
                0x0000000008003d1c        0xc d:/tool/stm32cubeide_1.7.0/stm32/stm32cubeide_1.7.0/stm32cubeide/plugins/com.st.stm32cube.ide.mcu.externaltools.gnu-tools-for-stm32.9-2020-q2-update.win32_2.0.0.202105311346/tools/bin/../lib/gcc/arm-none-eabi/9.3.1/../../../../arm-none-eabi/lib/thumb/v7-m/nofp\libc_nano.a(lib_a-mlock.o)
                0x0000000008003d1c                __malloc_unlock
 .text._malloc_usable_size_r
                0x0000000008003d28       0x10 d:/tool/stm32cubeide_1.7.0/stm32/stm32cubeide_1.7.0/stm32cubeide/plugins/com.st.stm32cube.ide.mcu.externaltools.gnu-tools-for-stm32.9-2020-q2-update.win32_2.0.0.202105311346/tools/bin/../lib/gcc/arm-none-eabi/9.3.1/../../../../arm-none-eabi/lib/thumb/v7-m/nofp\libc_nano.a(lib_a-nano-msizer.o)
                0x0000000008003d28                _malloc_usable_size_r
 .text.__retarget_lock_acquire_recursive
                0x0000000008003d38        0x2 d:/tool/stm32cubeide_1.7.0/stm32/stm32cubeide_1.7.0/stm32cubeide/plugins/com.st.stm32cube.ide.mcu.externaltools.gnu-tools-for-stm32.9-2020-q2-update.win32_2.0.0.202105311346/tools/bin/../lib/gcc/arm-none-eabi/9.3.1/../../../../arm-none-eabi/lib/thumb/v7-m/nofp\libc_nano.a(lib_a-lock.o)
                0x0000000008003d38                __retarget_lock_acquire_recursive
 .text.__retarget_lock_release_recursive
                0x0000000008003d3a        0x2 d:/tool/stm32cubeide_1.7.0/stm32/stm32cubeide_1.7.0/stm32cubeide/plugins/com.st.stm32cube.ide.mcu.externaltools.gnu-tools-for-stm32.9-2020-q2-update.win32_2.0.0.202105311346/tools/bin/../lib/gcc/arm-none-eabi/9.3.1/../../../../arm-none-eabi/lib/thumb/v7-m/nofp\libc_nano.a(lib_a-lock.o)
                0x0000000008003d3a                __retarget_lock_release_recursive
 *(.glue_7)
 .glue_7        0x0000000008003d3c        0x0 linker stubs
 *(.glue_7t)
 .glue_7t       0x0000000008003d3c        0x0 linker stubs
 *(.eh_frame)
 .eh_frame      0x0000000008003d3c        0x0 d:/tool/stm32cubeide_1.7.0/stm32/stm32cubeide_1.7.0/stm32cubeide/plugins/com.st.stm32cube.ide.mcu.externaltools.gnu-tools-for-stm32.9-2020-q2-update.win32_2.0.0.202105311346/tools/bin/../lib/gcc/arm-none-eabi/9.3.1/thumb/v7-m/nofp/crtbegin.o
 *(.init)
 .init          0x0000000008003d3c        0x4 d:/tool/stm32cubeide_1.7.0/stm32/stm32cubeide_1.7.0/stm32cubeide/plugins/com.st.stm32cube.ide.mcu.externaltools.gnu-tools-for-stm32.9-2020-q2-update.win32_2.0.0.202105311346/tools/bin/../lib/gcc/arm-none-eabi/9.3.1/thumb/v7-m/nofp/crti.o
                0x0000000008003d3c                _init
 .init          0x0000000008003d40        0x8 d:/tool/stm32cubeide_1.7.0/stm32/stm32cubeide_1.7.0/stm32cubeide/plugins/com.st.stm32cube.ide.mcu.externaltools.gnu-tools-for-stm32.9-2020-q2-update.win32_2.0.0.202105311346/tools/bin/../lib/gcc/arm-none-eabi/9.3.1/thumb/v7-m/nofp/crtn.o
 *(.fini)
 .fini          0x0000000008003d48        0x4 d:/tool/stm32cubeide_1.7.0/stm32/stm32cubeide_1.7.0/stm32cubeide/plugins/com.st.stm32cube.ide.mcu.externaltools.gnu-tools-for-stm32.9-2020-q2-update.win32_2.0.0.202105311346/tools/bin/../lib/gcc/arm-none-eabi/9.3.1/thumb/v7-m/nofp/crti.o
                0x0000000008003d48                _fini
 .fini          0x0000000008003d4c        0x8 d:/tool/stm32cubeide_1.7.0/stm32/stm32cubeide_1.7.0/stm32cubeide/plugins/com.st.stm32cube.ide.mcu.externaltools.gnu-tools-for-stm32.9-2020-q2-update.win32_2.0.0.202105311346/tools/bin/../lib/gcc/arm-none-eabi/9.3.1/thumb/v7-m/nofp/crtn.o
                0x0000000008003d54                . = ALIGN (0x4)
                0x0000000008003d54                _etext = .

.vfp11_veneer   0x0000000008003d54        0x0
 .vfp11_veneer  0x0000000008003d54        0x0 linker stubs

.v4_bx          0x0000000008003d54        0x0
 .v4_bx         0x0000000008003d54        0x0 linker stubs

.iplt           0x0000000008003d54        0x0
 .iplt          0x0000000008003d54        0x0 d:/tool/stm32cubeide_1.7.0/stm32/stm32cubeide_1.7.0/stm32cubeide/plugins/com.st.stm32cube.ide.mcu.externaltools.gnu-tools-for-stm32.9-2020-q2-update.win32_2.0.0.202105311346/tools/bin/../lib/gcc/arm-none-eabi/9.3.1/thumb/v7-m/nofp/crtbegin.o

.rodata         0x0000000008003d54       0x64
                0x0000000008003d54                . = ALIGN (0x4)
 *(.rodata)
 .rodata        0x0000000008003d54        0x6 ./Core/Src/uart_fsm.o
 *fill*         0x0000000008003d5a        0x2 
 .rodata        0x0000000008003d5c       0x10 ./Drivers/STM32F1xx_HAL_Driver/Src/stm32f1xx_hal_rcc.o
 *(.rodata*)
 .rodata.AHBPrescTable
                0x0000000008003d6c       0x10 ./Core/Src/system_stm32f1xx.o
                0x0000000008003d6c                AHBPrescTable
 .rodata.APBPrescTable
                0x0000000008003d7c        0x8 ./Core/Src/system_stm32f1xx.o
                0x0000000008003d7c                APBPrescTable
 .rodata._svfprintf_r.str1.1
                0x0000000008003d84       0x11 d:/tool/stm32cubeide_1.7.0/stm32/stm32cubeide_1.7.0/stm32cubeide/plugins/com.st.stm32cube.ide.mcu.externaltools.gnu-tools-for-stm32.9-2020-q2-update.win32_2.0.0.202105311346/tools/bin/../lib/gcc/arm-none-eabi/9.3.1/../../../../arm-none-eabi/lib/thumb/v7-m/nofp\libc_nano.a(lib_a-nano-svfprintf.o)
 .rodata._printf_i.str1.1
                0x0000000008003d95       0x22 d:/tool/stm32cubeide_1.7.0/stm32/stm32cubeide_1.7.0/stm32cubeide/plugins/com.st.stm32cube.ide.mcu.externaltools.gnu-tools-for-stm32.9-2020-q2-update.win32_2.0.0.202105311346/tools/bin/../lib/gcc/arm-none-eabi/9.3.1/../../../../arm-none-eabi/lib/thumb/v7-m/nofp\libc_nano.a(lib_a-nano-vfprintf_i.o)
                0x0000000008003db8                . = ALIGN (0x4)
 *fill*         0x0000000008003db7        0x1 

.rel.dyn        0x0000000008003db8        0x0
 .rel.iplt      0x0000000008003db8        0x0 d:/tool/stm32cubeide_1.7.0/stm32/stm32cubeide_1.7.0/stm32cubeide/plugins/com.st.stm32cube.ide.mcu.externaltools.gnu-tools-for-stm32.9-2020-q2-update.win32_2.0.0.202105311346/tools/bin/../lib/gcc/arm-none-eabi/9.3.1/thumb/v7-m/nofp/crtbegin.o

.ARM.extab      0x0000000008003db8        0x0
                0x0000000008003db8                . = ALIGN (0x4)
 *(.ARM.extab* .gnu.linkonce.armextab.*)
                0x0000000008003db8                . = ALIGN (0x4)

.ARM            0x0000000008003db8        0x0
                0x0000000008003db8                . = ALIGN (0x4)
                0x0000000008003db8                __exidx_start = .
 *(.ARM.exidx*)
                0x0000000008003db8                __exidx_end = .
                0x0000000008003db8                . = ALIGN (0x4)

.preinit_array  0x0000000008003db8        0x0
                0x0000000008003db8                . = ALIGN (0x4)
                0x0000000008003db8                PROVIDE (__preinit_array_start = .)
 *(.preinit_array*)
                0x0000000008003db8                PROVIDE (__preinit_array_end = .)
                0x0000000008003db8                . = ALIGN (0x4)

.init_array     0x0000000008003db8        0x4
                0x0000000008003db8                . = ALIGN (0x4)
                0x0000000008003db8                PROVIDE (__init_array_start = .)
 *(SORT_BY_NAME(.init_array.*))
 *(.init_array*)
 .init_array    0x0000000008003db8        0x4 d:/tool/stm32cubeide_1.7.0/stm32/stm32cubeide_1.7.0/stm32cubeide/plugins/com.st.stm32cube.ide.mcu.externaltools.gnu-tools-for-stm32.9-2020-q2-update.win32_2.0.0.202105311346/tools/bin/../lib/gcc/arm-none-eabi/9.3.1/thumb/v7-m/nofp/crtbegin.o
                0x0000000008003dbc                PROVIDE (__init_array_end = .)
                0x0000000008003dbc                . = ALIGN (0x4)

.fini_array     0x0000000008003dbc        0x4
                0x0000000008003dbc                . = ALIGN (0x4)
                [!provide]                        PROVIDE (__fini_array_start = .)
 *(SORT_BY_NAME(.fini_array.*))
 *(.fini_array*)
 .fini_array    0x0000000008003dbc        0x4 d:/tool/stm32cubeide_1.7.0/stm32/stm32cubeide_1.7.0/stm32cubeide/plugins/com.st.stm32cube.ide.mcu.externaltools.gnu-tools-for-stm32.9-2020-q2-update.win32_2.0.0.202105311346/tools/bin/../lib/gcc/arm-none-eabi/9.3.1/thumb/v7-m/nofp/crtbegin.o
                [!provide]                        PROVIDE (__fini_array_end = .)
                0x0000000008003dc0                . = ALIGN (0x4)
                0x0000000008003dc0                _sidata = LOADADDR (.data)

.data           0x0000000020000000       0x70 load address 0x0000000008003dc0
                0x0000000020000000                . = ALIGN (0x4)
                0x0000000020000000                _sdata = .
 *(.data)
 *(.data*)
 .data.SystemCoreClock
                0x0000000020000000        0x4 ./Core/Src/system_stm32f1xx.o
                0x0000000020000000                SystemCoreClock
 .data.uwTickPrio
                0x0000000020000004        0x4 ./Drivers/STM32F1xx_HAL_Driver/Src/stm32f1xx_hal.o
                0x0000000020000004                uwTickPrio
 .data.uwTickFreq
                0x0000000020000008        0x1 ./Drivers/STM32F1xx_HAL_Driver/Src/stm32f1xx_hal.o
                0x0000000020000008                uwTickFreq
 *fill*         0x0000000020000009        0x3 
 .data._impure_ptr
                0x000000002000000c        0x4 d:/tool/stm32cubeide_1.7.0/stm32/stm32cubeide_1.7.0/stm32cubeide/plugins/com.st.stm32cube.ide.mcu.externaltools.gnu-tools-for-stm32.9-2020-q2-update.win32_2.0.0.202105311346/tools/bin/../lib/gcc/arm-none-eabi/9.3.1/../../../../arm-none-eabi/lib/thumb/v7-m/nofp\libc_nano.a(lib_a-impure.o)
                0x000000002000000c                _impure_ptr
 .data.impure_data
                0x0000000020000010       0x60 d:/tool/stm32cubeide_1.7.0/stm32/stm32cubeide_1.7.0/stm32cubeide/plugins/com.st.stm32cube.ide.mcu.externaltools.gnu-tools-for-stm32.9-2020-q2-update.win32_2.0.0.202105311346/tools/bin/../lib/gcc/arm-none-eabi/9.3.1/../../../../arm-none-eabi/lib/thumb/v7-m/nofp\libc_nano.a(lib_a-impure.o)
 *(.RamFunc)
 *(.RamFunc*)
                0x0000000020000070                . = ALIGN (0x4)
                0x0000000020000070                _edata = .

.igot.plt       0x0000000020000070        0x0 load address 0x0000000008003e30
 .igot.plt      0x0000000020000070        0x0 d:/tool/stm32cubeide_1.7.0/stm32/stm32cubeide_1.7.0/stm32cubeide/plugins/com.st.stm32cube.ide.mcu.externaltools.gnu-tools-for-stm32.9-2020-q2-update.win32_2.0.0.202105311346/tools/bin/../lib/gcc/arm-none-eabi/9.3.1/thumb/v7-m/nofp/crtbegin.o
                0x0000000020000070                . = ALIGN (0x4)

.bss            0x0000000020000070      0x160 load address 0x0000000008003e30
                0x0000000020000070                _sbss = .
                0x0000000020000070                __bss_start__ = _sbss
 *(.bss)
 .bss           0x0000000020000070       0x1c d:/tool/stm32cubeide_1.7.0/stm32/stm32cubeide_1.7.0/stm32cubeide/plugins/com.st.stm32cube.ide.mcu.externaltools.gnu-tools-for-stm32.9-2020-q2-update.win32_2.0.0.202105311346/tools/bin/../lib/gcc/arm-none-eabi/9.3.1/thumb/v7-m/nofp/crtbegin.o
 *(.bss*)
 .bss.timer1_counter
                0x000000002000008c        0x4 ./Core/Src/Software_timer.o
                0x000000002000008c                timer1_counter
 .bss.timer1_flag
                0x0000000020000090        0x4 ./Core/Src/Software_timer.o
                0x0000000020000090                timer1_flag
 .bss.timer2_counter
                0x0000000020000094        0x4 ./Core/Src/Software_timer.o
                0x0000000020000094                timer2_counter
 .bss.timer2_flag
                0x0000000020000098        0x4 ./Core/Src/Software_timer.o
                0x0000000020000098                timer2_flag
 .bss.timer3_counter
                0x000000002000009c        0x4 ./Core/Src/Software_timer.o
                0x000000002000009c                timer3_counter
 .bss.timer3_flag
                0x00000000200000a0        0x4 ./Core/Src/Software_timer.o
                0x00000000200000a0                timer3_flag
 .bss.timer4_counter
                0x00000000200000a4        0x4 ./Core/Src/Software_timer.o
                0x00000000200000a4                timer4_counter
 .bss.timer4_flag
                0x00000000200000a8        0x4 ./Core/Src/Software_timer.o
                0x00000000200000a8                timer4_flag
 .bss.timer5_counter
                0x00000000200000ac        0x4 ./Core/Src/Software_timer.o
                0x00000000200000ac                timer5_counter
 .bss.timer5_flag
                0x00000000200000b0        0x4 ./Core/Src/Software_timer.o
                0x00000000200000b0                timer5_flag
 .bss.status    0x00000000200000b4        0x4 ./Core/Src/global.o
                0x00000000200000b4                status
 .bss.temp      0x00000000200000b8        0x1 ./Core/Src/global.o
                0x00000000200000b8                temp
 .bss.index_buffer
                0x00000000200000b9        0x1 ./Core/Src/global.o
                0x00000000200000b9                index_buffer
 .bss.buffer_flag
                0x00000000200000ba        0x1 ./Core/Src/global.o
                0x00000000200000ba                buffer_flag
 *fill*         0x00000000200000bb        0x1 
 .bss.ADC_value
                0x00000000200000bc        0x4 ./Core/Src/global.o
                0x00000000200000bc                ADC_value
 .bss.__sbrk_heap_end
                0x00000000200000c0        0x4 ./Core/Src/sysmem.o
 .bss.__malloc_free_list
                0x00000000200000c4        0x4 d:/tool/stm32cubeide_1.7.0/stm32/stm32cubeide_1.7.0/stm32cubeide/plugins/com.st.stm32cube.ide.mcu.externaltools.gnu-tools-for-stm32.9-2020-q2-update.win32_2.0.0.202105311346/tools/bin/../lib/gcc/arm-none-eabi/9.3.1/../../../../arm-none-eabi/lib/thumb/v7-m/nofp\libc_nano.a(lib_a-nano-mallocr.o)
                0x00000000200000c4                __malloc_free_list
 .bss.__malloc_sbrk_start
                0x00000000200000c8        0x4 d:/tool/stm32cubeide_1.7.0/stm32/stm32cubeide_1.7.0/stm32cubeide/plugins/com.st.stm32cube.ide.mcu.externaltools.gnu-tools-for-stm32.9-2020-q2-update.win32_2.0.0.202105311346/tools/bin/../lib/gcc/arm-none-eabi/9.3.1/../../../../arm-none-eabi/lib/thumb/v7-m/nofp\libc_nano.a(lib_a-nano-mallocr.o)
                0x00000000200000c8                __malloc_sbrk_start
 *(COMMON)
 COMMON         0x00000000200000cc       0x1e ./Core/Src/global.o
                0x00000000200000cc                buffer
 *fill*         0x00000000200000ea        0x2 
 COMMON         0x00000000200000ec       0xbc ./Core/Src/main.o
                0x00000000200000ec                hadc1
                0x000000002000011c                htim2
                0x0000000020000164                huart2
 COMMON         0x00000000200001a8       0x14 ./Core/Src/uart_fsm.o
                0x00000000200001a8                str
 COMMON         0x00000000200001bc        0x4 ./Drivers/STM32F1xx_HAL_Driver/Src/stm32f1xx_hal.o
                0x00000000200001bc                uwTick
 COMMON         0x00000000200001c0        0x4 d:/tool/stm32cubeide_1.7.0/stm32/stm32cubeide_1.7.0/stm32cubeide/plugins/com.st.stm32cube.ide.mcu.externaltools.gnu-tools-for-stm32.9-2020-q2-update.win32_2.0.0.202105311346/tools/bin/../lib/gcc/arm-none-eabi/9.3.1/../../../../arm-none-eabi/lib/thumb/v7-m/nofp\libc_nano.a(lib_a-reent.o)
                0x00000000200001c0                errno
 COMMON         0x00000000200001c4        0x9 d:/tool/stm32cubeide_1.7.0/stm32/stm32cubeide_1.7.0/stm32cubeide/plugins/com.st.stm32cube.ide.mcu.externaltools.gnu-tools-for-stm32.9-2020-q2-update.win32_2.0.0.202105311346/tools/bin/../lib/gcc/arm-none-eabi/9.3.1/../../../../arm-none-eabi/lib/thumb/v7-m/nofp\libc_nano.a(lib_a-lock.o)
                0x00000000200001c4                __lock___atexit_recursive_mutex
                0x00000000200001c5                __lock___arc4random_mutex
                0x00000000200001c6                __lock___env_recursive_mutex
                0x00000000200001c7                __lock___sinit_recursive_mutex
                0x00000000200001c8                __lock___malloc_recursive_mutex
                0x00000000200001c9                __lock___at_quick_exit_mutex
                0x00000000200001ca                __lock___dd_hash_mutex
                0x00000000200001cb                __lock___tz_mutex
                0x00000000200001cc                __lock___sfp_recursive_mutex
                0x00000000200001d0                . = ALIGN (0x4)
 *fill*         0x00000000200001cd        0x3 
                0x00000000200001d0                _ebss = .
                0x00000000200001d0                __bss_end__ = _ebss

._user_heap_stack
                0x00000000200001d0      0x600 load address 0x0000000008003e30
                0x00000000200001d0                . = ALIGN (0x8)
                [!provide]                        PROVIDE (end = .)
                0x00000000200001d0                PROVIDE (_end = .)
                0x00000000200003d0                . = (. + _Min_Heap_Size)
 *fill*         0x00000000200001d0      0x200 
                0x00000000200007d0                . = (. + _Min_Stack_Size)
 *fill*         0x00000000200003d0      0x400 
                0x00000000200007d0                . = ALIGN (0x8)

/DISCARD/
 libc.a(*)
 libm.a(*)
 libgcc.a(*)

.ARM.attributes
                0x0000000000000000       0x29
 *(.ARM.attributes)
 .ARM.attributes
                0x0000000000000000       0x1d d:/tool/stm32cubeide_1.7.0/stm32/stm32cubeide_1.7.0/stm32cubeide/plugins/com.st.stm32cube.ide.mcu.externaltools.gnu-tools-for-stm32.9-2020-q2-update.win32_2.0.0.202105311346/tools/bin/../lib/gcc/arm-none-eabi/9.3.1/thumb/v7-m/nofp/crti.o
 .ARM.attributes
                0x000000000000001d       0x2d d:/tool/stm32cubeide_1.7.0/stm32/stm32cubeide_1.7.0/stm32cubeide/plugins/com.st.stm32cube.ide.mcu.externaltools.gnu-tools-for-stm32.9-2020-q2-update.win32_2.0.0.202105311346/tools/bin/../lib/gcc/arm-none-eabi/9.3.1/thumb/v7-m/nofp/crtbegin.o
 .ARM.attributes
                0x000000000000004a       0x2d ./Core/Src/Software_timer.o
 .ARM.attributes
                0x0000000000000077       0x33 ./Core/Src/global.o
 .ARM.attributes
                0x00000000000000aa       0x2d ./Core/Src/main.o
 .ARM.attributes
                0x00000000000000d7       0x2d ./Core/Src/stm32f1xx_hal_msp.o
 .ARM.attributes
                0x0000000000000104       0x2d ./Core/Src/stm32f1xx_it.o
 .ARM.attributes
                0x0000000000000131       0x2d ./Core/Src/sysmem.o
 .ARM.attributes
                0x000000000000015e       0x2d ./Core/Src/system_stm32f1xx.o
 .ARM.attributes
                0x000000000000018b       0x2d ./Core/Src/uart_fsm.o
 .ARM.attributes
                0x00000000000001b8       0x21 ./Core/Startup/startup_stm32f103c6ux.o
 .ARM.attributes
                0x00000000000001d9       0x2d ./Drivers/STM32F1xx_HAL_Driver/Src/stm32f1xx_hal.o
 .ARM.attributes
                0x0000000000000206       0x2d ./Drivers/STM32F1xx_HAL_Driver/Src/stm32f1xx_hal_adc.o
 .ARM.attributes
                0x0000000000000233       0x2d ./Drivers/STM32F1xx_HAL_Driver/Src/stm32f1xx_hal_cortex.o
 .ARM.attributes
                0x0000000000000260       0x2d ./Drivers/STM32F1xx_HAL_Driver/Src/stm32f1xx_hal_dma.o
 .ARM.attributes
                0x000000000000028d       0x2d ./Drivers/STM32F1xx_HAL_Driver/Src/stm32f1xx_hal_gpio.o
 .ARM.attributes
                0x00000000000002ba       0x2d ./Drivers/STM32F1xx_HAL_Driver/Src/stm32f1xx_hal_rcc.o
 .ARM.attributes
                0x00000000000002e7       0x2d ./Drivers/STM32F1xx_HAL_Driver/Src/stm32f1xx_hal_rcc_ex.o
 .ARM.attributes
                0x0000000000000314       0x2d ./Drivers/STM32F1xx_HAL_Driver/Src/stm32f1xx_hal_tim.o
 .ARM.attributes
                0x0000000000000341       0x2d ./Drivers/STM32F1xx_HAL_Driver/Src/stm32f1xx_hal_tim_ex.o
 .ARM.attributes
                0x000000000000036e       0x2d ./Drivers/STM32F1xx_HAL_Driver/Src/stm32f1xx_hal_uart.o
 .ARM.attributes
                0x000000000000039b       0x2d d:/tool/stm32cubeide_1.7.0/stm32/stm32cubeide_1.7.0/stm32cubeide/plugins/com.st.stm32cube.ide.mcu.externaltools.gnu-tools-for-stm32.9-2020-q2-update.win32_2.0.0.202105311346/tools/bin/../lib/gcc/arm-none-eabi/9.3.1/../../../../arm-none-eabi/lib/thumb/v7-m/nofp\libc_nano.a(lib_a-errno.o)
 .ARM.attributes
                0x00000000000003c8       0x2d d:/tool/stm32cubeide_1.7.0/stm32/stm32cubeide_1.7.0/stm32cubeide/plugins/com.st.stm32cube.ide.mcu.externaltools.gnu-tools-for-stm32.9-2020-q2-update.win32_2.0.0.202105311346/tools/bin/../lib/gcc/arm-none-eabi/9.3.1/../../../../arm-none-eabi/lib/thumb/v7-m/nofp\libc_nano.a(lib_a-impure.o)
 .ARM.attributes
                0x00000000000003f5       0x2d d:/tool/stm32cubeide_1.7.0/stm32/stm32cubeide_1.7.0/stm32cubeide/plugins/com.st.stm32cube.ide.mcu.externaltools.gnu-tools-for-stm32.9-2020-q2-update.win32_2.0.0.202105311346/tools/bin/../lib/gcc/arm-none-eabi/9.3.1/../../../../arm-none-eabi/lib/thumb/v7-m/nofp\libc_nano.a(lib_a-init.o)
 .ARM.attributes
                0x0000000000000422       0x2d d:/tool/stm32cubeide_1.7.0/stm32/stm32cubeide_1.7.0/stm32cubeide/plugins/com.st.stm32cube.ide.mcu.externaltools.gnu-tools-for-stm32.9-2020-q2-update.win32_2.0.0.202105311346/tools/bin/../lib/gcc/arm-none-eabi/9.3.1/../../../../arm-none-eabi/lib/thumb/v7-m/nofp\libc_nano.a(lib_a-memset.o)
 .ARM.attributes
                0x000000000000044f       0x2d d:/tool/stm32cubeide_1.7.0/stm32/stm32cubeide_1.7.0/stm32cubeide/plugins/com.st.stm32cube.ide.mcu.externaltools.gnu-tools-for-stm32.9-2020-q2-update.win32_2.0.0.202105311346/tools/bin/../lib/gcc/arm-none-eabi/9.3.1/../../../../arm-none-eabi/lib/thumb/v7-m/nofp\libc_nano.a(lib_a-sprintf.o)
 .ARM.attributes
                0x000000000000047c       0x2d d:/tool/stm32cubeide_1.7.0/stm32/stm32cubeide_1.7.0/stm32cubeide/plugins/com.st.stm32cube.ide.mcu.externaltools.gnu-tools-for-stm32.9-2020-q2-update.win32_2.0.0.202105311346/tools/bin/../lib/gcc/arm-none-eabi/9.3.1/../../../../arm-none-eabi/lib/thumb/v7-m/nofp\libc_nano.a(lib_a-nano-svfprintf.o)
 .ARM.attributes
                0x00000000000004a9       0x2d d:/tool/stm32cubeide_1.7.0/stm32/stm32cubeide_1.7.0/stm32cubeide/plugins/com.st.stm32cube.ide.mcu.externaltools.gnu-tools-for-stm32.9-2020-q2-update.win32_2.0.0.202105311346/tools/bin/../lib/gcc/arm-none-eabi/9.3.1/../../../../arm-none-eabi/lib/thumb/v7-m/nofp\libc_nano.a(lib_a-nano-vfprintf_i.o)
 .ARM.attributes
                0x00000000000004d6       0x2d d:/tool/stm32cubeide_1.7.0/stm32/stm32cubeide_1.7.0/stm32cubeide/plugins/com.st.stm32cube.ide.mcu.externaltools.gnu-tools-for-stm32.9-2020-q2-update.win32_2.0.0.202105311346/tools/bin/../lib/gcc/arm-none-eabi/9.3.1/../../../../arm-none-eabi/lib/thumb/v7-m/nofp\libc_nano.a(lib_a-memchr-stub.o)
 .ARM.attributes
                0x0000000000000503       0x2d d:/tool/stm32cubeide_1.7.0/stm32/stm32cubeide_1.7.0/stm32cubeide/plugins/com.st.stm32cube.ide.mcu.externaltools.gnu-tools-for-stm32.9-2020-q2-update.win32_2.0.0.202105311346/tools/bin/../lib/gcc/arm-none-eabi/9.3.1/../../../../arm-none-eabi/lib/thumb/v7-m/nofp\libc_nano.a(lib_a-memcpy-stub.o)
 .ARM.attributes
                0x0000000000000530       0x2d d:/tool/stm32cubeide_1.7.0/stm32/stm32cubeide_1.7.0/stm32cubeide/plugins/com.st.stm32cube.ide.mcu.externaltools.gnu-tools-for-stm32.9-2020-q2-update.win32_2.0.0.202105311346/tools/bin/../lib/gcc/arm-none-eabi/9.3.1/../../../../arm-none-eabi/lib/thumb/v7-m/nofp\libc_nano.a(lib_a-memmove.o)
 .ARM.attributes
                0x000000000000055d       0x2d d:/tool/stm32cubeide_1.7.0/stm32/stm32cubeide_1.7.0/stm32cubeide/plugins/com.st.stm32cube.ide.mcu.externaltools.gnu-tools-for-stm32.9-2020-q2-update.win32_2.0.0.202105311346/tools/bin/../lib/gcc/arm-none-eabi/9.3.1/../../../../arm-none-eabi/lib/thumb/v7-m/nofp\libc_nano.a(lib_a-nano-freer.o)
 .ARM.attributes
                0x000000000000058a       0x2d d:/tool/stm32cubeide_1.7.0/stm32/stm32cubeide_1.7.0/stm32cubeide/plugins/com.st.stm32cube.ide.mcu.externaltools.gnu-tools-for-stm32.9-2020-q2-update.win32_2.0.0.202105311346/tools/bin/../lib/gcc/arm-none-eabi/9.3.1/../../../../arm-none-eabi/lib/thumb/v7-m/nofp\libc_nano.a(lib_a-nano-mallocr.o)
 .ARM.attributes
                0x00000000000005b7       0x2d d:/tool/stm32cubeide_1.7.0/stm32/stm32cubeide_1.7.0/stm32cubeide/plugins/com.st.stm32cube.ide.mcu.externaltools.gnu-tools-for-stm32.9-2020-q2-update.win32_2.0.0.202105311346/tools/bin/../lib/gcc/arm-none-eabi/9.3.1/../../../../arm-none-eabi/lib/thumb/v7-m/nofp\libc_nano.a(lib_a-nano-reallocr.o)
 .ARM.attributes
                0x00000000000005e4       0x2d d:/tool/stm32cubeide_1.7.0/stm32/stm32cubeide_1.7.0/stm32cubeide/plugins/com.st.stm32cube.ide.mcu.externaltools.gnu-tools-for-stm32.9-2020-q2-update.win32_2.0.0.202105311346/tools/bin/../lib/gcc/arm-none-eabi/9.3.1/../../../../arm-none-eabi/lib/thumb/v7-m/nofp\libc_nano.a(lib_a-sbrkr.o)
 .ARM.attributes
                0x0000000000000611       0x2d d:/tool/stm32cubeide_1.7.0/stm32/stm32cubeide_1.7.0/stm32cubeide/plugins/com.st.stm32cube.ide.mcu.externaltools.gnu-tools-for-stm32.9-2020-q2-update.win32_2.0.0.202105311346/tools/bin/../lib/gcc/arm-none-eabi/9.3.1/../../../../arm-none-eabi/lib/thumb/v7-m/nofp\libc_nano.a(lib_a-mlock.o)
 .ARM.attributes
                0x000000000000063e       0x2d d:/tool/stm32cubeide_1.7.0/stm32/stm32cubeide_1.7.0/stm32cubeide/plugins/com.st.stm32cube.ide.mcu.externaltools.gnu-tools-for-stm32.9-2020-q2-update.win32_2.0.0.202105311346/tools/bin/../lib/gcc/arm-none-eabi/9.3.1/../../../../arm-none-eabi/lib/thumb/v7-m/nofp\libc_nano.a(lib_a-nano-msizer.o)
 .ARM.attributes
                0x000000000000066b       0x2d d:/tool/stm32cubeide_1.7.0/stm32/stm32cubeide_1.7.0/stm32cubeide/plugins/com.st.stm32cube.ide.mcu.externaltools.gnu-tools-for-stm32.9-2020-q2-update.win32_2.0.0.202105311346/tools/bin/../lib/gcc/arm-none-eabi/9.3.1/../../../../arm-none-eabi/lib/thumb/v7-m/nofp\libc_nano.a(lib_a-reent.o)
 .ARM.attributes
                0x0000000000000698       0x2d d:/tool/stm32cubeide_1.7.0/stm32/stm32cubeide_1.7.0/stm32cubeide/plugins/com.st.stm32cube.ide.mcu.externaltools.gnu-tools-for-stm32.9-2020-q2-update.win32_2.0.0.202105311346/tools/bin/../lib/gcc/arm-none-eabi/9.3.1/../../../../arm-none-eabi/lib/thumb/v7-m/nofp\libc_nano.a(lib_a-lock.o)
 .ARM.attributes
                0x00000000000006c5       0x1d d:/tool/stm32cubeide_1.7.0/stm32/stm32cubeide_1.7.0/stm32cubeide/plugins/com.st.stm32cube.ide.mcu.externaltools.gnu-tools-for-stm32.9-2020-q2-update.win32_2.0.0.202105311346/tools/bin/../lib/gcc/arm-none-eabi/9.3.1/thumb/v7-m/nofp/crtn.o
OUTPUT(Button1.elf elf32-littlearm)
LOAD linker stubs
LOAD d:/tool/stm32cubeide_1.7.0/stm32/stm32cubeide_1.7.0/stm32cubeide/plugins/com.st.stm32cube.ide.mcu.externaltools.gnu-tools-for-stm32.9-2020-q2-update.win32_2.0.0.202105311346/tools/bin/../lib/gcc/arm-none-eabi/9.3.1/../../../../arm-none-eabi/lib/thumb/v7-m/nofp\libc.a
LOAD d:/tool/stm32cubeide_1.7.0/stm32/stm32cubeide_1.7.0/stm32cubeide/plugins/com.st.stm32cube.ide.mcu.externaltools.gnu-tools-for-stm32.9-2020-q2-update.win32_2.0.0.202105311346/tools/bin/../lib/gcc/arm-none-eabi/9.3.1/../../../../arm-none-eabi/lib/thumb/v7-m/nofp\libm.a
LOAD d:/tool/stm32cubeide_1.7.0/stm32/stm32cubeide_1.7.0/stm32cubeide/plugins/com.st.stm32cube.ide.mcu.externaltools.gnu-tools-for-stm32.9-2020-q2-update.win32_2.0.0.202105311346/tools/bin/../lib/gcc/arm-none-eabi/9.3.1/thumb/v7-m/nofp\libgcc.a

.debug_info     0x0000000000000000     0xf9c5
 .debug_info    0x0000000000000000      0x1d8 ./Core/Src/Software_timer.o
 .debug_info    0x00000000000001d8      0xc5e ./Core/Src/global.o
 .debug_info    0x0000000000000e36     0x1a68 ./Core/Src/main.o
 .debug_info    0x000000000000289e     0x1088 ./Core/Src/stm32f1xx_hal_msp.o
 .debug_info    0x0000000000003926      0xc58 ./Core/Src/stm32f1xx_it.o
 .debug_info    0x000000000000457e      0xa25 ./Core/Src/sysmem.o
 .debug_info    0x0000000000004fa3      0x2be ./Core/Src/system_stm32f1xx.o
 .debug_info    0x0000000000005261     0x15aa ./Core/Src/uart_fsm.o
 .debug_info    0x000000000000680b       0x22 ./Core/Startup/startup_stm32f103c6ux.o
 .debug_info    0x000000000000682d      0x74c ./Drivers/STM32F1xx_HAL_Driver/Src/stm32f1xx_hal.o
 .debug_info    0x0000000000006f79      0xd2d ./Drivers/STM32F1xx_HAL_Driver/Src/stm32f1xx_hal_adc.o
 .debug_info    0x0000000000007ca6      0xbbe ./Drivers/STM32F1xx_HAL_Driver/Src/stm32f1xx_hal_cortex.o
 .debug_info    0x0000000000008864      0x81e ./Drivers/STM32F1xx_HAL_Driver/Src/stm32f1xx_hal_dma.o
 .debug_info    0x0000000000009082      0x701 ./Drivers/STM32F1xx_HAL_Driver/Src/stm32f1xx_hal_gpio.o
 .debug_info    0x0000000000009783      0x88e ./Drivers/STM32F1xx_HAL_Driver/Src/stm32f1xx_hal_rcc.o
 .debug_info    0x000000000000a011      0x480 ./Drivers/STM32F1xx_HAL_Driver/Src/stm32f1xx_hal_rcc_ex.o
 .debug_info    0x000000000000a491     0x2a45 ./Drivers/STM32F1xx_HAL_Driver/Src/stm32f1xx_hal_tim.o
 .debug_info    0x000000000000ced6     0x14d5 ./Drivers/STM32F1xx_HAL_Driver/Src/stm32f1xx_hal_tim_ex.o
 .debug_info    0x000000000000e3ab     0x161a ./Drivers/STM32F1xx_HAL_Driver/Src/stm32f1xx_hal_uart.o

.debug_abbrev   0x0000000000000000     0x2448
 .debug_abbrev  0x0000000000000000       0xc3 ./Core/Src/Software_timer.o
 .debug_abbrev  0x00000000000000c3      0x171 ./Core/Src/global.o
 .debug_abbrev  0x0000000000000234      0x317 ./Core/Src/main.o
 .debug_abbrev  0x000000000000054b      0x1c8 ./Core/Src/stm32f1xx_hal_msp.o
 .debug_abbrev  0x0000000000000713      0x187 ./Core/Src/stm32f1xx_it.o
 .debug_abbrev  0x000000000000089a      0x1bf ./Core/Src/sysmem.o
 .debug_abbrev  0x0000000000000a59      0x14e ./Core/Src/system_stm32f1xx.o
 .debug_abbrev  0x0000000000000ba7      0x22f ./Core/Src/uart_fsm.o
 .debug_abbrev  0x0000000000000dd6       0x12 ./Core/Startup/startup_stm32f103c6ux.o
 .debug_abbrev  0x0000000000000de8      0x1ed ./Drivers/STM32F1xx_HAL_Driver/Src/stm32f1xx_hal.o
 .debug_abbrev  0x0000000000000fd5      0x1fb ./Drivers/STM32F1xx_HAL_Driver/Src/stm32f1xx_hal_adc.o
 .debug_abbrev  0x00000000000011d0      0x313 ./Drivers/STM32F1xx_HAL_Driver/Src/stm32f1xx_hal_cortex.o
 .debug_abbrev  0x00000000000014e3      0x228 ./Drivers/STM32F1xx_HAL_Driver/Src/stm32f1xx_hal_dma.o
 .debug_abbrev  0x000000000000170b      0x1e8 ./Drivers/STM32F1xx_HAL_Driver/Src/stm32f1xx_hal_gpio.o
 .debug_abbrev  0x00000000000018f3      0x273 ./Drivers/STM32F1xx_HAL_Driver/Src/stm32f1xx_hal_rcc.o
 .debug_abbrev  0x0000000000001b66      0x193 ./Drivers/STM32F1xx_HAL_Driver/Src/stm32f1xx_hal_rcc_ex.o
 .debug_abbrev  0x0000000000001cf9      0x25e ./Drivers/STM32F1xx_HAL_Driver/Src/stm32f1xx_hal_tim.o
 .debug_abbrev  0x0000000000001f57      0x266 ./Drivers/STM32F1xx_HAL_Driver/Src/stm32f1xx_hal_tim_ex.o
 .debug_abbrev  0x00000000000021bd      0x28b ./Drivers/STM32F1xx_HAL_Driver/Src/stm32f1xx_hal_uart.o

.debug_aranges  0x0000000000000000      0xdc0
 .debug_aranges
                0x0000000000000000       0x48 ./Core/Src/Software_timer.o
 .debug_aranges
                0x0000000000000048       0x18 ./Core/Src/global.o
 .debug_aranges
                0x0000000000000060       0x60 ./Core/Src/main.o
 .debug_aranges
                0x00000000000000c0       0x50 ./Core/Src/stm32f1xx_hal_msp.o
 .debug_aranges
                0x0000000000000110       0x70 ./Core/Src/stm32f1xx_it.o
 .debug_aranges
                0x0000000000000180       0x20 ./Core/Src/sysmem.o
 .debug_aranges
                0x00000000000001a0       0x28 ./Core/Src/system_stm32f1xx.o
 .debug_aranges
                0x00000000000001c8       0x30 ./Core/Src/uart_fsm.o
 .debug_aranges
                0x00000000000001f8       0x28 ./Core/Startup/startup_stm32f103c6ux.o
 .debug_aranges
                0x0000000000000220       0xe0 ./Drivers/STM32F1xx_HAL_Driver/Src/stm32f1xx_hal.o
 .debug_aranges
                0x0000000000000300       0xf0 ./Drivers/STM32F1xx_HAL_Driver/Src/stm32f1xx_hal_adc.o
 .debug_aranges
                0x00000000000003f0      0x100 ./Drivers/STM32F1xx_HAL_Driver/Src/stm32f1xx_hal_cortex.o
 .debug_aranges
                0x00000000000004f0       0x80 ./Drivers/STM32F1xx_HAL_Driver/Src/stm32f1xx_hal_dma.o
 .debug_aranges
                0x0000000000000570       0x58 ./Drivers/STM32F1xx_HAL_Driver/Src/stm32f1xx_hal_gpio.o
 .debug_aranges
                0x00000000000005c8       0x90 ./Drivers/STM32F1xx_HAL_Driver/Src/stm32f1xx_hal_rcc.o
 .debug_aranges
                0x0000000000000658       0x30 ./Drivers/STM32F1xx_HAL_Driver/Src/stm32f1xx_hal_rcc_ex.o
 .debug_aranges
                0x0000000000000688      0x3d0 ./Drivers/STM32F1xx_HAL_Driver/Src/stm32f1xx_hal_tim.o
 .debug_aranges
                0x0000000000000a58      0x168 ./Drivers/STM32F1xx_HAL_Driver/Src/stm32f1xx_hal_tim_ex.o
 .debug_aranges
                0x0000000000000bc0      0x200 ./Drivers/STM32F1xx_HAL_Driver/Src/stm32f1xx_hal_uart.o

.debug_ranges   0x0000000000000000      0xcc0
 .debug_ranges  0x0000000000000000       0x38 ./Core/Src/Software_timer.o
 .debug_ranges  0x0000000000000038       0x50 ./Core/Src/main.o
 .debug_ranges  0x0000000000000088       0x40 ./Core/Src/stm32f1xx_hal_msp.o
 .debug_ranges  0x00000000000000c8       0x60 ./Core/Src/stm32f1xx_it.o
 .debug_ranges  0x0000000000000128       0x10 ./Core/Src/sysmem.o
 .debug_ranges  0x0000000000000138       0x18 ./Core/Src/system_stm32f1xx.o
 .debug_ranges  0x0000000000000150       0x20 ./Core/Src/uart_fsm.o
 .debug_ranges  0x0000000000000170       0x20 ./Core/Startup/startup_stm32f103c6ux.o
 .debug_ranges  0x0000000000000190       0xd0 ./Drivers/STM32F1xx_HAL_Driver/Src/stm32f1xx_hal.o
 .debug_ranges  0x0000000000000260       0xe0 ./Drivers/STM32F1xx_HAL_Driver/Src/stm32f1xx_hal_adc.o
 .debug_ranges  0x0000000000000340       0xf0 ./Drivers/STM32F1xx_HAL_Driver/Src/stm32f1xx_hal_cortex.o
 .debug_ranges  0x0000000000000430       0x70 ./Drivers/STM32F1xx_HAL_Driver/Src/stm32f1xx_hal_dma.o
 .debug_ranges  0x00000000000004a0       0x48 ./Drivers/STM32F1xx_HAL_Driver/Src/stm32f1xx_hal_gpio.o
 .debug_ranges  0x00000000000004e8       0x80 ./Drivers/STM32F1xx_HAL_Driver/Src/stm32f1xx_hal_rcc.o
 .debug_ranges  0x0000000000000568       0x20 ./Drivers/STM32F1xx_HAL_Driver/Src/stm32f1xx_hal_rcc_ex.o
 .debug_ranges  0x0000000000000588      0x3c0 ./Drivers/STM32F1xx_HAL_Driver/Src/stm32f1xx_hal_tim.o
 .debug_ranges  0x0000000000000948      0x158 ./Drivers/STM32F1xx_HAL_Driver/Src/stm32f1xx_hal_tim_ex.o
 .debug_ranges  0x0000000000000aa0      0x220 ./Drivers/STM32F1xx_HAL_Driver/Src/stm32f1xx_hal_uart.o

.debug_macro    0x0000000000000000    0x187dd
 .debug_macro   0x0000000000000000       0x21 ./Core/Src/Software_timer.o
 .debug_macro   0x0000000000000021      0xa9c ./Core/Src/Software_timer.o
 .debug_macro   0x0000000000000abd      0x1e4 ./Core/Src/global.o
 .debug_macro   0x0000000000000ca1      0x221 ./Core/Src/global.o
 .debug_macro   0x0000000000000ec2       0x2e ./Core/Src/global.o
 .debug_macro   0x0000000000000ef0       0x22 ./Core/Src/global.o
 .debug_macro   0x0000000000000f12       0x22 ./Core/Src/global.o
 .debug_macro   0x0000000000000f34       0x8e ./Core/Src/global.o
 .debug_macro   0x0000000000000fc2       0x51 ./Core/Src/global.o
 .debug_macro   0x0000000000001013      0x103 ./Core/Src/global.o
 .debug_macro   0x0000000000001116       0x6a ./Core/Src/global.o
 .debug_macro   0x0000000000001180      0x1df ./Core/Src/global.o
 .debug_macro   0x000000000000135f       0x1c ./Core/Src/global.o
 .debug_macro   0x000000000000137b       0x22 ./Core/Src/global.o
 .debug_macro   0x000000000000139d       0xc3 ./Core/Src/global.o
 .debug_macro   0x0000000000001460      0xd23 ./Core/Src/global.o
 .debug_macro   0x0000000000002183     0xde75 ./Core/Src/global.o
 .debug_macro   0x000000000000fff8       0x6d ./Core/Src/global.o
 .debug_macro   0x0000000000010065     0x3468 ./Core/Src/global.o
 .debug_macro   0x00000000000134cd      0x174 ./Core/Src/global.o
 .debug_macro   0x0000000000013641       0x5c ./Core/Src/global.o
 .debug_macro   0x000000000001369d      0x5be ./Core/Src/global.o
 .debug_macro   0x0000000000013c5b      0x1b7 ./Core/Src/global.o
 .debug_macro   0x0000000000013e12      0x1cb ./Core/Src/global.o
 .debug_macro   0x0000000000013fdd      0x114 ./Core/Src/global.o
 .debug_macro   0x00000000000140f1      0x1b2 ./Core/Src/global.o
 .debug_macro   0x00000000000142a3       0x27 ./Core/Src/global.o
 .debug_macro   0x00000000000142ca      0x12f ./Core/Src/global.o
 .debug_macro   0x00000000000143f9      0x1bc ./Core/Src/global.o
 .debug_macro   0x00000000000145b5       0x34 ./Core/Src/global.o
 .debug_macro   0x00000000000145e9       0x3c ./Core/Src/global.o
 .debug_macro   0x0000000000014625       0x57 ./Core/Src/global.o
 .debug_macro   0x000000000001467c      0x46a ./Core/Src/global.o
 .debug_macro   0x0000000000014ae6      0x1b5 ./Core/Src/global.o
 .debug_macro   0x0000000000014c9b       0x88 ./Core/Src/global.o
 .debug_macro   0x0000000000014d23      0x183 ./Core/Src/global.o
 .debug_macro   0x0000000000014ea6      0x141 ./Core/Src/global.o
 .debug_macro   0x0000000000014fe7      0x8d1 ./Core/Src/global.o
 .debug_macro   0x00000000000158b8      0x279 ./Core/Src/global.o
 .debug_macro   0x0000000000015b31       0x69 ./Core/Src/global.o
 .debug_macro   0x0000000000015b9a       0xa0 ./Core/Src/global.o
 .debug_macro   0x0000000000015c3a       0x1c ./Core/Src/global.o
 .debug_macro   0x0000000000015c56      0x34f ./Core/Src/main.o
 .debug_macro   0x0000000000015fa5       0x52 ./Core/Src/main.o
 .debug_macro   0x0000000000015ff7       0x18 ./Core/Src/main.o
 .debug_macro   0x000000000001600f       0x3c ./Core/Src/main.o
 .debug_macro   0x000000000001604b       0x34 ./Core/Src/main.o
 .debug_macro   0x000000000001607f       0x16 ./Core/Src/main.o
 .debug_macro   0x0000000000016095       0x35 ./Core/Src/main.o
 .debug_macro   0x00000000000160ca      0x333 ./Core/Src/main.o
 .debug_macro   0x00000000000163fd       0x10 ./Core/Src/main.o
 .debug_macro   0x000000000001640d       0x16 ./Core/Src/main.o
 .debug_macro   0x0000000000016423       0x43 ./Core/Src/main.o
 .debug_macro   0x0000000000016466       0x34 ./Core/Src/main.o
 .debug_macro   0x000000000001649a       0x10 ./Core/Src/main.o
 .debug_macro   0x00000000000164aa       0x58 ./Core/Src/main.o
 .debug_macro   0x0000000000016502       0x71 ./Core/Src/main.o
 .debug_macro   0x0000000000016573       0x1c ./Core/Src/main.o
 .debug_macro   0x000000000001658f      0x12a ./Core/Src/main.o
 .debug_macro   0x00000000000166b9       0x10 ./Core/Src/main.o
 .debug_macro   0x00000000000166c9       0x1c ./Core/Src/main.o
 .debug_macro   0x00000000000166e5       0x52 ./Core/Src/main.o
 .debug_macro   0x0000000000016737       0x22 ./Core/Src/main.o
 .debug_macro   0x0000000000016759       0x10 ./Core/Src/main.o
 .debug_macro   0x0000000000016769       0x40 ./Core/Src/main.o
 .debug_macro   0x00000000000167a9       0xd5 ./Core/Src/main.o
 .debug_macro   0x000000000001687e       0x1c ./Core/Src/main.o
 .debug_macro   0x000000000001689a       0x3d ./Core/Src/main.o
 .debug_macro   0x00000000000168d7       0x16 ./Core/Src/main.o
 .debug_macro   0x00000000000168ed      0x145 ./Core/Src/main.o
 .debug_macro   0x0000000000016a32      0x1c5 ./Core/Src/stm32f1xx_hal_msp.o
 .debug_macro   0x0000000000016bf7      0x1cf ./Core/Src/stm32f1xx_it.o
 .debug_macro   0x0000000000016dc6       0xff ./Core/Src/sysmem.o
 .debug_macro   0x0000000000016ec5      0x23b ./Core/Src/sysmem.o
 .debug_macro   0x0000000000017100      0x1b6 ./Core/Src/system_stm32f1xx.o
 .debug_macro   0x00000000000172b6      0x34b ./Core/Src/uart_fsm.o
 .debug_macro   0x0000000000017601      0x1da ./Drivers/STM32F1xx_HAL_Driver/Src/stm32f1xx_hal.o
 .debug_macro   0x00000000000177db      0x1d3 ./Drivers/STM32F1xx_HAL_Driver/Src/stm32f1xx_hal_adc.o
 .debug_macro   0x00000000000179ae      0x1b6 ./Drivers/STM32F1xx_HAL_Driver/Src/stm32f1xx_hal_cortex.o
 .debug_macro   0x0000000000017b64      0x1b6 ./Drivers/STM32F1xx_HAL_Driver/Src/stm32f1xx_hal_dma.o
 .debug_macro   0x0000000000017d1a      0x221 ./Drivers/STM32F1xx_HAL_Driver/Src/stm32f1xx_hal_gpio.o
 .debug_macro   0x0000000000017f3b      0x1c8 ./Drivers/STM32F1xx_HAL_Driver/Src/stm32f1xx_hal_rcc.o
 .debug_macro   0x0000000000018103      0x1b6 ./Drivers/STM32F1xx_HAL_Driver/Src/stm32f1xx_hal_rcc_ex.o
 .debug_macro   0x00000000000182b9      0x1b7 ./Drivers/STM32F1xx_HAL_Driver/Src/stm32f1xx_hal_tim.o
 .debug_macro   0x0000000000018470      0x1b6 ./Drivers/STM32F1xx_HAL_Driver/Src/stm32f1xx_hal_tim_ex.o
 .debug_macro   0x0000000000018626      0x1b7 ./Drivers/STM32F1xx_HAL_Driver/Src/stm32f1xx_hal_uart.o

.debug_line     0x0000000000000000    0x11035
 .debug_line    0x0000000000000000      0x15c ./Core/Src/Software_timer.o
 .debug_line    0x000000000000015c      0x86d ./Core/Src/global.o
 .debug_line    0x00000000000009c9      0xd53 ./Core/Src/main.o
 .debug_line    0x000000000000171c      0x949 ./Core/Src/stm32f1xx_hal_msp.o
 .debug_line    0x0000000000002065      0x963 ./Core/Src/stm32f1xx_it.o
 .debug_line    0x00000000000029c8      0x7a4 ./Core/Src/sysmem.o
 .debug_line    0x000000000000316c      0x8ef ./Core/Src/system_stm32f1xx.o
 .debug_line    0x0000000000003a5b      0xc7a ./Core/Src/uart_fsm.o
 .debug_line    0x00000000000046d5       0x87 ./Core/Startup/startup_stm32f103c6ux.o
 .debug_line    0x000000000000475c      0xb1c ./Drivers/STM32F1xx_HAL_Driver/Src/stm32f1xx_hal.o
 .debug_line    0x0000000000005278     0x1193 ./Drivers/STM32F1xx_HAL_Driver/Src/stm32f1xx_hal_adc.o
 .debug_line    0x000000000000640b      0xd04 ./Drivers/STM32F1xx_HAL_Driver/Src/stm32f1xx_hal_cortex.o
 .debug_line    0x000000000000710f      0xf74 ./Drivers/STM32F1xx_HAL_Driver/Src/stm32f1xx_hal_dma.o
 .debug_line    0x0000000000008083      0xb9d ./Drivers/STM32F1xx_HAL_Driver/Src/stm32f1xx_hal_gpio.o
 .debug_line    0x0000000000008c20      0xf2a ./Drivers/STM32F1xx_HAL_Driver/Src/stm32f1xx_hal_rcc.o
 .debug_line    0x0000000000009b4a      0xa68 ./Drivers/STM32F1xx_HAL_Driver/Src/stm32f1xx_hal_rcc_ex.o
 .debug_line    0x000000000000a5b2     0x347a ./Drivers/STM32F1xx_HAL_Driver/Src/stm32f1xx_hal_tim.o
 .debug_line    0x000000000000da2c     0x1a12 ./Drivers/STM32F1xx_HAL_Driver/Src/stm32f1xx_hal_tim_ex.o
 .debug_line    0x000000000000f43e     0x1bf7 ./Drivers/STM32F1xx_HAL_Driver/Src/stm32f1xx_hal_uart.o

.debug_str      0x0000000000000000    0x8d9af
 .debug_str     0x0000000000000000     0x2e5d ./Core/Src/Software_timer.o
 .debug_str     0x0000000000002e5d    0x83351 ./Core/Src/global.o
                                      0x8653e (size before relaxing)
 .debug_str     0x00000000000861ae     0x4436 ./Core/Src/main.o
                                      0x8a9ed (size before relaxing)
 .debug_str     0x000000000008a5e4      0x305 ./Core/Src/stm32f1xx_hal_msp.o
                                      0x8685e (size before relaxing)
 .debug_str     0x000000000008a8e9       0xdf ./Core/Src/stm32f1xx_it.o
                                      0x8653e (size before relaxing)
 .debug_str     0x000000000008a9c8      0x4e9 ./Core/Src/sysmem.o
                                       0x6255 (size before relaxing)
 .debug_str     0x000000000008aeb1       0x52 ./Core/Src/system_stm32f1xx.o
                                      0x85ac1 (size before relaxing)
 .debug_str     0x000000000008af03       0x4c ./Core/Src/uart_fsm.o
                                      0x8a660 (size before relaxing)
 .debug_str     0x000000000008af4f       0x36 ./Core/Startup/startup_stm32f103c6ux.o
                                         0x69 (size before relaxing)
 .debug_str     0x000000000008af85      0x304 ./Drivers/STM32F1xx_HAL_Driver/Src/stm32f1xx_hal.o
                                      0x86118 (size before relaxing)
 .debug_str     0x000000000008b289      0x357 ./Drivers/STM32F1xx_HAL_Driver/Src/stm32f1xx_hal_adc.o
                                      0x86151 (size before relaxing)
 .debug_str     0x000000000008b5e0      0x300 ./Drivers/STM32F1xx_HAL_Driver/Src/stm32f1xx_hal_cortex.o
                                      0x86120 (size before relaxing)
 .debug_str     0x000000000008b8e0      0x230 ./Drivers/STM32F1xx_HAL_Driver/Src/stm32f1xx_hal_dma.o
                                      0x85e9c (size before relaxing)
 .debug_str     0x000000000008bb10      0x31f ./Drivers/STM32F1xx_HAL_Driver/Src/stm32f1xx_hal_gpio.o
                                      0x85e85 (size before relaxing)
 .debug_str     0x000000000008be2f      0x24f ./Drivers/STM32F1xx_HAL_Driver/Src/stm32f1xx_hal_rcc.o
                                      0x85ebe (size before relaxing)
 .debug_str     0x000000000008c07e       0xb9 ./Drivers/STM32F1xx_HAL_Driver/Src/stm32f1xx_hal_rcc_ex.o
                                      0x85c4b (size before relaxing)
 .debug_str     0x000000000008c137      0xdb5 ./Drivers/STM32F1xx_HAL_Driver/Src/stm32f1xx_hal_tim.o
                                      0x86e90 (size before relaxing)
 .debug_str     0x000000000008ceec      0x4ee ./Drivers/STM32F1xx_HAL_Driver/Src/stm32f1xx_hal_tim_ex.o
                                      0x86641 (size before relaxing)
 .debug_str     0x000000000008d3da      0x5d5 ./Drivers/STM32F1xx_HAL_Driver/Src/stm32f1xx_hal_uart.o
                                      0x864b0 (size before relaxing)

.comment        0x0000000000000000       0x53
 .comment       0x0000000000000000       0x53 ./Core/Src/Software_timer.o
                                         0x54 (size before relaxing)
 .comment       0x0000000000000053       0x54 ./Core/Src/global.o
 .comment       0x0000000000000053       0x54 ./Core/Src/main.o
 .comment       0x0000000000000053       0x54 ./Core/Src/stm32f1xx_hal_msp.o
 .comment       0x0000000000000053       0x54 ./Core/Src/stm32f1xx_it.o
 .comment       0x0000000000000053       0x54 ./Core/Src/sysmem.o
 .comment       0x0000000000000053       0x54 ./Core/Src/system_stm32f1xx.o
 .comment       0x0000000000000053       0x54 ./Core/Src/uart_fsm.o
 .comment       0x0000000000000053       0x54 ./Drivers/STM32F1xx_HAL_Driver/Src/stm32f1xx_hal.o
 .comment       0x0000000000000053       0x54 ./Drivers/STM32F1xx_HAL_Driver/Src/stm32f1xx_hal_adc.o
 .comment       0x0000000000000053       0x54 ./Drivers/STM32F1xx_HAL_Driver/Src/stm32f1xx_hal_cortex.o
 .comment       0x0000000000000053       0x54 ./Drivers/STM32F1xx_HAL_Driver/Src/stm32f1xx_hal_dma.o
 .comment       0x0000000000000053       0x54 ./Drivers/STM32F1xx_HAL_Driver/Src/stm32f1xx_hal_gpio.o
 .comment       0x0000000000000053       0x54 ./Drivers/STM32F1xx_HAL_Driver/Src/stm32f1xx_hal_rcc.o
 .comment       0x0000000000000053       0x54 ./Drivers/STM32F1xx_HAL_Driver/Src/stm32f1xx_hal_rcc_ex.o
 .comment       0x0000000000000053       0x54 ./Drivers/STM32F1xx_HAL_Driver/Src/stm32f1xx_hal_tim.o
 .comment       0x0000000000000053       0x54 ./Drivers/STM32F1xx_HAL_Driver/Src/stm32f1xx_hal_tim_ex.o
 .comment       0x0000000000000053       0x54 ./Drivers/STM32F1xx_HAL_Driver/Src/stm32f1xx_hal_uart.o

.debug_frame    0x0000000000000000     0x3c44
 .debug_frame   0x0000000000000000       0xf8 ./Core/Src/Software_timer.o
 .debug_frame   0x00000000000000f8      0x138 ./Core/Src/main.o
 .debug_frame   0x0000000000000230      0x110 ./Core/Src/stm32f1xx_hal_msp.o
 .debug_frame   0x0000000000000340      0x13c ./Core/Src/stm32f1xx_it.o
 .debug_frame   0x000000000000047c       0x34 ./Core/Src/sysmem.o
 .debug_frame   0x00000000000004b0       0x58 ./Core/Src/system_stm32f1xx.o
 .debug_frame   0x0000000000000508       0x70 ./Core/Src/uart_fsm.o
 .debug_frame   0x0000000000000578      0x334 ./Drivers/STM32F1xx_HAL_Driver/Src/stm32f1xx_hal.o
 .debug_frame   0x00000000000008ac      0x40c ./Drivers/STM32F1xx_HAL_Driver/Src/stm32f1xx_hal_adc.o
 .debug_frame   0x0000000000000cb8      0x428 ./Drivers/STM32F1xx_HAL_Driver/Src/stm32f1xx_hal_cortex.o
 .debug_frame   0x00000000000010e0      0x208 ./Drivers/STM32F1xx_HAL_Driver/Src/stm32f1xx_hal_dma.o
 .debug_frame   0x00000000000012e8      0x14c ./Drivers/STM32F1xx_HAL_Driver/Src/stm32f1xx_hal_gpio.o
 .debug_frame   0x0000000000001434      0x21c ./Drivers/STM32F1xx_HAL_Driver/Src/stm32f1xx_hal_rcc.o
 .debug_frame   0x0000000000001650       0x84 ./Drivers/STM32F1xx_HAL_Driver/Src/stm32f1xx_hal_rcc_ex.o
 .debug_frame   0x00000000000016d4     0x11b8 ./Drivers/STM32F1xx_HAL_Driver/Src/stm32f1xx_hal_tim.o
 .debug_frame   0x000000000000288c      0x638 ./Drivers/STM32F1xx_HAL_Driver/Src/stm32f1xx_hal_tim_ex.o
 .debug_frame   0x0000000000002ec4      0x914 ./Drivers/STM32F1xx_HAL_Driver/Src/stm32f1xx_hal_uart.o
 .debug_frame   0x00000000000037d8       0x20 d:/tool/stm32cubeide_1.7.0/stm32/stm32cubeide_1.7.0/stm32cubeide/plugins/com.st.stm32cube.ide.mcu.externaltools.gnu-tools-for-stm32.9-2020-q2-update.win32_2.0.0.202105311346/tools/bin/../lib/gcc/arm-none-eabi/9.3.1/../../../../arm-none-eabi/lib/thumb/v7-m/nofp\libc_nano.a(lib_a-errno.o)
 .debug_frame   0x00000000000037f8       0x2c d:/tool/stm32cubeide_1.7.0/stm32/stm32cubeide_1.7.0/stm32cubeide/plugins/com.st.stm32cube.ide.mcu.externaltools.gnu-tools-for-stm32.9-2020-q2-update.win32_2.0.0.202105311346/tools/bin/../lib/gcc/arm-none-eabi/9.3.1/../../../../arm-none-eabi/lib/thumb/v7-m/nofp\libc_nano.a(lib_a-init.o)
 .debug_frame   0x0000000000003824       0x20 d:/tool/stm32cubeide_1.7.0/stm32/stm32cubeide_1.7.0/stm32cubeide/plugins/com.st.stm32cube.ide.mcu.externaltools.gnu-tools-for-stm32.9-2020-q2-update.win32_2.0.0.202105311346/tools/bin/../lib/gcc/arm-none-eabi/9.3.1/../../../../arm-none-eabi/lib/thumb/v7-m/nofp\libc_nano.a(lib_a-memset.o)
 .debug_frame   0x0000000000003844       0x6c d:/tool/stm32cubeide_1.7.0/stm32/stm32cubeide_1.7.0/stm32cubeide/plugins/com.st.stm32cube.ide.mcu.externaltools.gnu-tools-for-stm32.9-2020-q2-update.win32_2.0.0.202105311346/tools/bin/../lib/gcc/arm-none-eabi/9.3.1/../../../../arm-none-eabi/lib/thumb/v7-m/nofp\libc_nano.a(lib_a-sprintf.o)
 .debug_frame   0x00000000000038b0       0x90 d:/tool/stm32cubeide_1.7.0/stm32/stm32cubeide_1.7.0/stm32cubeide/plugins/com.st.stm32cube.ide.mcu.externaltools.gnu-tools-for-stm32.9-2020-q2-update.win32_2.0.0.202105311346/tools/bin/../lib/gcc/arm-none-eabi/9.3.1/../../../../arm-none-eabi/lib/thumb/v7-m/nofp\libc_nano.a(lib_a-nano-svfprintf.o)
 .debug_frame   0x0000000000003940       0x60 d:/tool/stm32cubeide_1.7.0/stm32/stm32cubeide_1.7.0/stm32cubeide/plugins/com.st.stm32cube.ide.mcu.externaltools.gnu-tools-for-stm32.9-2020-q2-update.win32_2.0.0.202105311346/tools/bin/../lib/gcc/arm-none-eabi/9.3.1/../../../../arm-none-eabi/lib/thumb/v7-m/nofp\libc_nano.a(lib_a-nano-vfprintf_i.o)
 .debug_frame   0x00000000000039a0       0x28 d:/tool/stm32cubeide_1.7.0/stm32/stm32cubeide_1.7.0/stm32cubeide/plugins/com.st.stm32cube.ide.mcu.externaltools.gnu-tools-for-stm32.9-2020-q2-update.win32_2.0.0.202105311346/tools/bin/../lib/gcc/arm-none-eabi/9.3.1/../../../../arm-none-eabi/lib/thumb/v7-m/nofp\libc_nano.a(lib_a-memchr-stub.o)
 .debug_frame   0x00000000000039c8       0x28 d:/tool/stm32cubeide_1.7.0/stm32/stm32cubeide_1.7.0/stm32cubeide/plugins/com.st.stm32cube.ide.mcu.externaltools.gnu-tools-for-stm32.9-2020-q2-update.win32_2.0.0.202105311346/tools/bin/../lib/gcc/arm-none-eabi/9.3.1/../../../../arm-none-eabi/lib/thumb/v7-m/nofp\libc_nano.a(lib_a-memcpy-stub.o)
 .debug_frame   0x00000000000039f0       0x28 d:/tool/stm32cubeide_1.7.0/stm32/stm32cubeide_1.7.0/stm32cubeide/plugins/com.st.stm32cube.ide.mcu.externaltools.gnu-tools-for-stm32.9-2020-q2-update.win32_2.0.0.202105311346/tools/bin/../lib/gcc/arm-none-eabi/9.3.1/../../../../arm-none-eabi/lib/thumb/v7-m/nofp\libc_nano.a(lib_a-memmove.o)
 .debug_frame   0x0000000000003a18       0x38 d:/tool/stm32cubeide_1.7.0/stm32/stm32cubeide_1.7.0/stm32cubeide/plugins/com.st.stm32cube.ide.mcu.externaltools.gnu-tools-for-stm32.9-2020-q2-update.win32_2.0.0.202105311346/tools/bin/../lib/gcc/arm-none-eabi/9.3.1/../../../../arm-none-eabi/lib/thumb/v7-m/nofp\libc_nano.a(lib_a-nano-freer.o)
 .debug_frame   0x0000000000003a50       0x30 d:/tool/stm32cubeide_1.7.0/stm32/stm32cubeide_1.7.0/stm32cubeide/plugins/com.st.stm32cube.ide.mcu.externaltools.gnu-tools-for-stm32.9-2020-q2-update.win32_2.0.0.202105311346/tools/bin/../lib/gcc/arm-none-eabi/9.3.1/../../../../arm-none-eabi/lib/thumb/v7-m/nofp\libc_nano.a(lib_a-nano-mallocr.o)
 .debug_frame   0x0000000000003a80       0x3c d:/tool/stm32cubeide_1.7.0/stm32/stm32cubeide_1.7.0/stm32cubeide/plugins/com.st.stm32cube.ide.mcu.externaltools.gnu-tools-for-stm32.9-2020-q2-update.win32_2.0.0.202105311346/tools/bin/../lib/gcc/arm-none-eabi/9.3.1/../../../../arm-none-eabi/lib/thumb/v7-m/nofp\libc_nano.a(lib_a-nano-reallocr.o)
 .debug_frame   0x0000000000003abc       0x2c d:/tool/stm32cubeide_1.7.0/stm32/stm32cubeide_1.7.0/stm32cubeide/plugins/com.st.stm32cube.ide.mcu.externaltools.gnu-tools-for-stm32.9-2020-q2-update.win32_2.0.0.202105311346/tools/bin/../lib/gcc/arm-none-eabi/9.3.1/../../../../arm-none-eabi/lib/thumb/v7-m/nofp\libc_nano.a(lib_a-sbrkr.o)
 .debug_frame   0x0000000000003ae8       0x30 d:/tool/stm32cubeide_1.7.0/stm32/stm32cubeide_1.7.0/stm32cubeide/plugins/com.st.stm32cube.ide.mcu.externaltools.gnu-tools-for-stm32.9-2020-q2-update.win32_2.0.0.202105311346/tools/bin/../lib/gcc/arm-none-eabi/9.3.1/../../../../arm-none-eabi/lib/thumb/v7-m/nofp\libc_nano.a(lib_a-mlock.o)
 .debug_frame   0x0000000000003b18       0x20 d:/tool/stm32cubeide_1.7.0/stm32/stm32cubeide_1.7.0/stm32cubeide/plugins/com.st.stm32cube.ide.mcu.externaltools.gnu-tools-for-stm32.9-2020-q2-update.win32_2.0.0.202105311346/tools/bin/../lib/gcc/arm-none-eabi/9.3.1/../../../../arm-none-eabi/lib/thumb/v7-m/nofp\libc_nano.a(lib_a-nano-msizer.o)
 .debug_frame   0x0000000000003b38       0x5c d:/tool/stm32cubeide_1.7.0/stm32/stm32cubeide_1.7.0/stm32cubeide/plugins/com.st.stm32cube.ide.mcu.externaltools.gnu-tools-for-stm32.9-2020-q2-update.win32_2.0.0.202105311346/tools/bin/../lib/gcc/arm-none-eabi/9.3.1/../../../../arm-none-eabi/lib/thumb/v7-m/nofp\libc_nano.a(lib_a-reent.o)
 .debug_frame   0x0000000000003b94       0xb0 d:/tool/stm32cubeide_1.7.0/stm32/stm32cubeide_1.7.0/stm32cubeide/plugins/com.st.stm32cube.ide.mcu.externaltools.gnu-tools-for-stm32.9-2020-q2-update.win32_2.0.0.202105311346/tools/bin/../lib/gcc/arm-none-eabi/9.3.1/../../../../arm-none-eabi/lib/thumb/v7-m/nofp\libc_nano.a(lib_a-lock.o)
